
Memory Configuration

Name             Origin             Length             Attributes
flash            0x00000000         0x20000000         xr
SRAM             0x20000000         0x20000000         xrw
*default*        0x00000000         0xffffffff

Linker script and memory map


.text           0x00000000      0x14c
 *(.vectors*)
 .vectors       0x00000000       0x14 startup.o
                0x00000000                g_p_fn_Vectors
 *(.text*)
 .text          0x00000014       0x90 main.o
                0x00000014                main
 .text          0x000000a4       0xa8 startup.o
                0x000000a4                Reset_Handler
                0x00000128                NMI_Handler
                0x00000134                MM_Fault_Handler
                0x00000140                Bus_Fault_Handler
 *(.rodata)
                0x0000014c                _E_text = .

.glue_7         0x0000014c        0x0
 .glue_7        0x0000014c        0x0 linker stubs

.glue_7t        0x0000014c        0x0
 .glue_7t       0x0000014c        0x0 linker stubs

.vfp11_veneer   0x0000014c        0x0
 .vfp11_veneer  0x0000014c        0x0 linker stubs

.v4_bx          0x0000014c        0x0
 .v4_bx         0x0000014c        0x0 linker stubs

.iplt           0x0000014c        0x0
 .iplt          0x0000014c        0x0 startup.o

.rel.dyn        0x0000014c        0x0
 .rel.iplt      0x0000014c        0x0 startup.o

.data           0x20000000        0x0 load address 0x0000014c
                0x20000000                _S_DATA = .
 *(.data)
 .data          0x20000000        0x0 main.o
 .data          0x20000000        0x0 startup.o
                0x20000000                _E_DATA = .

.igot.plt       0x20000000        0x0 load address 0x0000014c
 .igot.plt      0x20000000        0x0 startup.o

.bss            0x20000000      0x400 load address 0x0000014c
                0x20000000                _S_BSS = .
 *(.bss)
 .bss           0x20000000        0x0 main.o
 .bss           0x20000000      0x400 startup.o
                0x20000400                . = ALIGN (0x4)
                0x20000400                _E_BSS = .
LOAD main.o
LOAD startup.o
OUTPUT(Toggle_LED_on_ARM_CortexM4.elf elf32-littlearm)
LOAD linker stubs

.debug_info     0x00000000      0x29d
 .debug_info    0x00000000       0xa6 main.o
 .debug_info    0x000000a6      0x1f7 startup.o

.debug_abbrev   0x00000000      0x162
 .debug_abbrev  0x00000000       0x6d main.o
 .debug_abbrev  0x0000006d       0xf5 startup.o

.debug_loc      0x00000000      0x10c
 .debug_loc     0x00000000       0x38 main.o
 .debug_loc     0x00000038       0xd4 startup.o

.debug_aranges  0x00000000       0x40
 .debug_aranges
                0x00000000       0x20 main.o
 .debug_aranges
                0x00000020       0x20 startup.o

.debug_line     0x00000000      0x209
 .debug_line    0x00000000       0x9f main.o
 .debug_line    0x0000009f      0x16a startup.o

.debug_str      0x00000000      0x1e6
 .debug_str     0x00000000      0x136 main.o
                                0x16a (size before relaxing)
 .debug_str     0x00000136       0xb0 startup.o
                                0x20d (size before relaxing)

.comment        0x00000000       0x4d
 .comment       0x00000000       0x4d main.o
                                 0x4e (size before relaxing)
 .comment       0x0000004d       0x4e startup.o

.ARM.attributes
                0x00000000       0x2e
 .ARM.attributes
                0x00000000       0x2e main.o
 .ARM.attributes
                0x0000002e       0x2e startup.o

.debug_frame    0x00000000       0xb4
 .debug_frame   0x00000000       0x2c main.o
 .debug_frame   0x0000002c       0x88 startup.o
