
Memory Configuration

Name             Origin             Length             Attributes
flash            0x08000000         0x00020000         xr
SRAM             0x20000000         0x00005000         xrw
*default*        0x00000000         0xffffffff

Linker script and memory map


.text           0x08000000       0xc4
 *(.vectors*)
 .vectors       0x08000000       0x14 startup.o
                0x08000000                vectors
 *(.text*)
 .text          0x08000014       0x80 main.o
                0x08000014                main
 .text          0x08000094       0x30 startup.o
                0x08000094                Reset_Handler
                0x080000a0                NMI_Handler
                0x080000ac                MM_Fault_Handler
                0x080000b8                Bus_Fault_Handler

.data           0x080000c4        0x4
 .data          0x080000c4        0x4 main.o
                0x080000c4                PA_ODR
 .data          0x080000c8        0x0 startup.o

.igot.plt       0x080000c8        0x0
 .igot.plt      0x080000c8        0x0 main.o

.glue_7         0x080000c8        0x0
 .glue_7        0x080000c8        0x0 linker stubs

.glue_7t        0x080000c8        0x0
 .glue_7t       0x080000c8        0x0 linker stubs

.vfp11_veneer   0x080000c8        0x0
 .vfp11_veneer  0x080000c8        0x0 linker stubs

.v4_bx          0x080000c8        0x0
 .v4_bx         0x080000c8        0x0 linker stubs

.iplt           0x080000c8        0x0
 .iplt          0x080000c8        0x0 main.o

.rel.dyn        0x080000c8        0x0
 .rel.iplt      0x080000c8        0x0 main.o

.bss            0x20000000        0x4
 *(.bss)
 .bss           0x20000000        0x4 main.o
                0x20000000                bss_var
 .bss           0x20000004        0x0 startup.o
LOAD main.o
LOAD startup.o
OUTPUT(Toggle_LED_on_ARM_CortexM3.elf elf32-littlearm)
LOAD linker stubs

.debug_info     0x00000000      0x236
 .debug_info    0x00000000      0x133 main.o
 .debug_info    0x00000133      0x103 startup.o

.debug_abbrev   0x00000000      0x154
 .debug_abbrev  0x00000000       0xdc main.o
 .debug_abbrev  0x000000dc       0x78 startup.o

.debug_loc      0x00000000       0xe8
 .debug_loc     0x00000000       0x38 main.o
 .debug_loc     0x00000038       0xb0 startup.o

.debug_aranges  0x00000000       0x40
 .debug_aranges
                0x00000000       0x20 main.o
 .debug_aranges
                0x00000020       0x20 startup.o

.debug_line     0x00000000      0x16e
 .debug_line    0x00000000       0x77 main.o
 .debug_line    0x00000077       0xf7 startup.o

.debug_str      0x00000000      0x1c3
 .debug_str     0x00000000      0x169 main.o
                                0x19d (size before relaxing)
 .debug_str     0x00000169       0x5a startup.o
                                0x1b9 (size before relaxing)

.comment        0x00000000       0x4d
 .comment       0x00000000       0x4d main.o
                                 0x4e (size before relaxing)
 .comment       0x0000004d       0x4e startup.o

.ARM.attributes
                0x00000000       0x2d
 .ARM.attributes
                0x00000000       0x2d main.o
 .ARM.attributes
                0x0000002d       0x2d startup.o

.debug_frame    0x00000000       0xac
 .debug_frame   0x00000000       0x2c main.o
 .debug_frame   0x0000002c       0x80 startup.o
