Archive member included to satisfy reference by file (symbol)

c:/st/stm32cubeide_1.4.0/stm32cubeide/plugins/com.st.stm32cube.ide.mcu.externaltools.gnu-tools-for-stm32.7-2018-q2-update.win32_1.4.0.202007081208/tools/bin/../lib/gcc/arm-none-eabi/7.3.1/../../../../arm-none-eabi/lib/thumb/v7-m\libc_nano.a(lib_a-errno.o)
                              Src/syscalls.o (__errno)
c:/st/stm32cubeide_1.4.0/stm32cubeide/plugins/com.st.stm32cube.ide.mcu.externaltools.gnu-tools-for-stm32.7-2018-q2-update.win32_1.4.0.202007081208/tools/bin/../lib/gcc/arm-none-eabi/7.3.1/../../../../arm-none-eabi/lib/thumb/v7-m\libc_nano.a(lib_a-exit.o)
                              c:/st/stm32cubeide_1.4.0/stm32cubeide/plugins/com.st.stm32cube.ide.mcu.externaltools.gnu-tools-for-stm32.7-2018-q2-update.win32_1.4.0.202007081208/tools/bin/../lib/gcc/arm-none-eabi/7.3.1/../../../../arm-none-eabi/lib/thumb/v7-m/crt0.o (exit)
c:/st/stm32cubeide_1.4.0/stm32cubeide/plugins/com.st.stm32cube.ide.mcu.externaltools.gnu-tools-for-stm32.7-2018-q2-update.win32_1.4.0.202007081208/tools/bin/../lib/gcc/arm-none-eabi/7.3.1/../../../../arm-none-eabi/lib/thumb/v7-m\libc_nano.a(lib_a-impure.o)
                              c:/st/stm32cubeide_1.4.0/stm32cubeide/plugins/com.st.stm32cube.ide.mcu.externaltools.gnu-tools-for-stm32.7-2018-q2-update.win32_1.4.0.202007081208/tools/bin/../lib/gcc/arm-none-eabi/7.3.1/../../../../arm-none-eabi/lib/thumb/v7-m\libc_nano.a(lib_a-exit.o) (_global_impure_ptr)
c:/st/stm32cubeide_1.4.0/stm32cubeide/plugins/com.st.stm32cube.ide.mcu.externaltools.gnu-tools-for-stm32.7-2018-q2-update.win32_1.4.0.202007081208/tools/bin/../lib/gcc/arm-none-eabi/7.3.1/../../../../arm-none-eabi/lib/thumb/v7-m\libc_nano.a(lib_a-init.o)
                              c:/st/stm32cubeide_1.4.0/stm32cubeide/plugins/com.st.stm32cube.ide.mcu.externaltools.gnu-tools-for-stm32.7-2018-q2-update.win32_1.4.0.202007081208/tools/bin/../lib/gcc/arm-none-eabi/7.3.1/../../../../arm-none-eabi/lib/thumb/v7-m/crt0.o (__libc_init_array)
c:/st/stm32cubeide_1.4.0/stm32cubeide/plugins/com.st.stm32cube.ide.mcu.externaltools.gnu-tools-for-stm32.7-2018-q2-update.win32_1.4.0.202007081208/tools/bin/../lib/gcc/arm-none-eabi/7.3.1/../../../../arm-none-eabi/lib/thumb/v7-m\libc_nano.a(lib_a-memset.o)
                              c:/st/stm32cubeide_1.4.0/stm32cubeide/plugins/com.st.stm32cube.ide.mcu.externaltools.gnu-tools-for-stm32.7-2018-q2-update.win32_1.4.0.202007081208/tools/bin/../lib/gcc/arm-none-eabi/7.3.1/../../../../arm-none-eabi/lib/thumb/v7-m/crt0.o (memset)

Allocating common symbols
Common symbol       size              file

g_SPI_Cfg2          0x14              MCAL/SPI/SPI.o
g_SPI_Cfg1          0x14              MCAL/SPI/SPI.o
GP_IRQ_CallBack     0x3c              MCAL/EXTI/EXTI.o

Discarded input sections

 .text          0x0000000000000000        0x0 c:/st/stm32cubeide_1.4.0/stm32cubeide/plugins/com.st.stm32cube.ide.mcu.externaltools.gnu-tools-for-stm32.7-2018-q2-update.win32_1.4.0.202007081208/tools/bin/../lib/gcc/arm-none-eabi/7.3.1/thumb/v7-m/crti.o
 .data          0x0000000000000000        0x0 c:/st/stm32cubeide_1.4.0/stm32cubeide/plugins/com.st.stm32cube.ide.mcu.externaltools.gnu-tools-for-stm32.7-2018-q2-update.win32_1.4.0.202007081208/tools/bin/../lib/gcc/arm-none-eabi/7.3.1/thumb/v7-m/crti.o
 .bss           0x0000000000000000        0x0 c:/st/stm32cubeide_1.4.0/stm32cubeide/plugins/com.st.stm32cube.ide.mcu.externaltools.gnu-tools-for-stm32.7-2018-q2-update.win32_1.4.0.202007081208/tools/bin/../lib/gcc/arm-none-eabi/7.3.1/thumb/v7-m/crti.o
 .data          0x0000000000000000        0x4 c:/st/stm32cubeide_1.4.0/stm32cubeide/plugins/com.st.stm32cube.ide.mcu.externaltools.gnu-tools-for-stm32.7-2018-q2-update.win32_1.4.0.202007081208/tools/bin/../lib/gcc/arm-none-eabi/7.3.1/thumb/v7-m/crtbegin.o
 .text          0x0000000000000000       0x74 c:/st/stm32cubeide_1.4.0/stm32cubeide/plugins/com.st.stm32cube.ide.mcu.externaltools.gnu-tools-for-stm32.7-2018-q2-update.win32_1.4.0.202007081208/tools/bin/../lib/gcc/arm-none-eabi/7.3.1/../../../../arm-none-eabi/lib/thumb/v7-m/crt0.o
 .data          0x0000000000000000        0x0 c:/st/stm32cubeide_1.4.0/stm32cubeide/plugins/com.st.stm32cube.ide.mcu.externaltools.gnu-tools-for-stm32.7-2018-q2-update.win32_1.4.0.202007081208/tools/bin/../lib/gcc/arm-none-eabi/7.3.1/../../../../arm-none-eabi/lib/thumb/v7-m/crt0.o
 .bss           0x0000000000000000        0x0 c:/st/stm32cubeide_1.4.0/stm32cubeide/plugins/com.st.stm32cube.ide.mcu.externaltools.gnu-tools-for-stm32.7-2018-q2-update.win32_1.4.0.202007081208/tools/bin/../lib/gcc/arm-none-eabi/7.3.1/../../../../arm-none-eabi/lib/thumb/v7-m/crt0.o
 .ARM.extab     0x0000000000000000        0x0 c:/st/stm32cubeide_1.4.0/stm32cubeide/plugins/com.st.stm32cube.ide.mcu.externaltools.gnu-tools-for-stm32.7-2018-q2-update.win32_1.4.0.202007081208/tools/bin/../lib/gcc/arm-none-eabi/7.3.1/../../../../arm-none-eabi/lib/thumb/v7-m/crt0.o
 .ARM.exidx     0x0000000000000000        0x8 c:/st/stm32cubeide_1.4.0/stm32cubeide/plugins/com.st.stm32cube.ide.mcu.externaltools.gnu-tools-for-stm32.7-2018-q2-update.win32_1.4.0.202007081208/tools/bin/../lib/gcc/arm-none-eabi/7.3.1/../../../../arm-none-eabi/lib/thumb/v7-m/crt0.o
 .ARM.attributes
                0x0000000000000000       0x1b c:/st/stm32cubeide_1.4.0/stm32cubeide/plugins/com.st.stm32cube.ide.mcu.externaltools.gnu-tools-for-stm32.7-2018-q2-update.win32_1.4.0.202007081208/tools/bin/../lib/gcc/arm-none-eabi/7.3.1/../../../../arm-none-eabi/lib/thumb/v7-m/crt0.o
 .group         0x0000000000000000        0xc HAL/I2C_Slave_EEPROM.o
 .group         0x0000000000000000        0xc HAL/I2C_Slave_EEPROM.o
 .group         0x0000000000000000        0xc HAL/I2C_Slave_EEPROM.o
 .group         0x0000000000000000        0xc HAL/I2C_Slave_EEPROM.o
 .group         0x0000000000000000        0xc HAL/I2C_Slave_EEPROM.o
 .group         0x0000000000000000        0xc HAL/I2C_Slave_EEPROM.o
 .group         0x0000000000000000        0xc HAL/I2C_Slave_EEPROM.o
 .group         0x0000000000000000        0xc HAL/I2C_Slave_EEPROM.o
 .group         0x0000000000000000        0xc HAL/I2C_Slave_EEPROM.o
 .group         0x0000000000000000        0xc HAL/I2C_Slave_EEPROM.o
 .group         0x0000000000000000        0xc HAL/I2C_Slave_EEPROM.o
 .group         0x0000000000000000        0xc HAL/I2C_Slave_EEPROM.o
 .group         0x0000000000000000        0xc HAL/I2C_Slave_EEPROM.o
 .group         0x0000000000000000        0xc HAL/I2C_Slave_EEPROM.o
 .group         0x0000000000000000        0xc HAL/I2C_Slave_EEPROM.o
 .group         0x0000000000000000        0xc HAL/I2C_Slave_EEPROM.o
 .group         0x0000000000000000        0xc HAL/I2C_Slave_EEPROM.o
 .group         0x0000000000000000        0xc HAL/I2C_Slave_EEPROM.o
 .group         0x0000000000000000        0xc HAL/I2C_Slave_EEPROM.o
 .group         0x0000000000000000        0xc HAL/I2C_Slave_EEPROM.o
 .group         0x0000000000000000        0xc HAL/I2C_Slave_EEPROM.o
 .group         0x0000000000000000        0xc HAL/I2C_Slave_EEPROM.o
 .group         0x0000000000000000        0xc HAL/I2C_Slave_EEPROM.o
 .group         0x0000000000000000        0xc HAL/I2C_Slave_EEPROM.o
 .group         0x0000000000000000        0xc HAL/I2C_Slave_EEPROM.o
 .group         0x0000000000000000        0xc HAL/I2C_Slave_EEPROM.o
 .text          0x0000000000000000        0x0 HAL/I2C_Slave_EEPROM.o
 .data          0x0000000000000000        0x0 HAL/I2C_Slave_EEPROM.o
 .bss           0x0000000000000000        0x0 HAL/I2C_Slave_EEPROM.o
 .group         0x0000000000000000        0xc HAL/Keypad.o
 .group         0x0000000000000000        0xc HAL/Keypad.o
 .group         0x0000000000000000        0xc HAL/Keypad.o
 .group         0x0000000000000000        0xc HAL/Keypad.o
 .group         0x0000000000000000        0xc HAL/Keypad.o
 .group         0x0000000000000000        0xc HAL/Keypad.o
 .group         0x0000000000000000        0xc HAL/Keypad.o
 .group         0x0000000000000000        0xc HAL/Keypad.o
 .group         0x0000000000000000        0xc HAL/Keypad.o
 .group         0x0000000000000000        0xc HAL/Keypad.o
 .group         0x0000000000000000        0xc HAL/Keypad.o
 .group         0x0000000000000000        0xc HAL/Keypad.o
 .group         0x0000000000000000        0xc HAL/Keypad.o
 .group         0x0000000000000000        0xc HAL/Keypad.o
 .group         0x0000000000000000        0xc HAL/Keypad.o
 .group         0x0000000000000000        0xc HAL/Keypad.o
 .group         0x0000000000000000        0xc HAL/Keypad.o
 .group         0x0000000000000000        0xc HAL/Keypad.o
 .group         0x0000000000000000        0xc HAL/Keypad.o
 .group         0x0000000000000000        0xc HAL/Keypad.o
 .group         0x0000000000000000        0xc HAL/Keypad.o
 .group         0x0000000000000000        0xc HAL/Keypad.o
 .group         0x0000000000000000        0xc HAL/Keypad.o
 .group         0x0000000000000000        0xc HAL/Keypad.o
 .group         0x0000000000000000        0xc HAL/Keypad.o
 .text          0x0000000000000000        0x0 HAL/Keypad.o
 .data          0x0000000000000000        0x0 HAL/Keypad.o
 .bss           0x0000000000000000        0x0 HAL/Keypad.o
 .text.KEYPAD_init
                0x0000000000000000       0xc0 HAL/Keypad.o
 .text.KEYPAD_read
                0x0000000000000000      0x15c HAL/Keypad.o
 .text.KEYPAD_wait
                0x0000000000000000       0x1c HAL/Keypad.o
 .debug_info    0x0000000000000000      0xb5c HAL/Keypad.o
 .debug_abbrev  0x0000000000000000      0x1d0 HAL/Keypad.o
 .debug_loc     0x0000000000000000       0xe4 HAL/Keypad.o
 .debug_aranges
                0x0000000000000000       0x30 HAL/Keypad.o
 .debug_ranges  0x0000000000000000       0x20 HAL/Keypad.o
 .debug_macro   0x0000000000000000      0x14e HAL/Keypad.o
 .debug_macro   0x0000000000000000      0xa60 HAL/Keypad.o
 .debug_macro   0x0000000000000000       0x18 HAL/Keypad.o
 .debug_macro   0x0000000000000000       0x22 HAL/Keypad.o
 .debug_macro   0x0000000000000000       0x40 HAL/Keypad.o
 .debug_macro   0x0000000000000000       0x94 HAL/Keypad.o
 .debug_macro   0x0000000000000000       0x3c HAL/Keypad.o
 .debug_macro   0x0000000000000000       0x34 HAL/Keypad.o
 .debug_macro   0x0000000000000000       0x16 HAL/Keypad.o
 .debug_macro   0x0000000000000000      0x10e HAL/Keypad.o
 .debug_macro   0x0000000000000000       0x8d HAL/Keypad.o
 .debug_macro   0x0000000000000000       0x57 HAL/Keypad.o
 .debug_macro   0x0000000000000000       0x52 HAL/Keypad.o
 .debug_macro   0x0000000000000000       0x1f HAL/Keypad.o
 .debug_macro   0x0000000000000000       0x43 HAL/Keypad.o
 .debug_macro   0x0000000000000000       0x20 HAL/Keypad.o
 .debug_macro   0x0000000000000000      0x1a3 HAL/Keypad.o
 .debug_macro   0x0000000000000000      0x330 HAL/Keypad.o
 .debug_macro   0x0000000000000000       0x16 HAL/Keypad.o
 .debug_macro   0x0000000000000000       0x29 HAL/Keypad.o
 .debug_macro   0x0000000000000000       0xef HAL/Keypad.o
 .debug_macro   0x0000000000000000       0x6a HAL/Keypad.o
 .debug_macro   0x0000000000000000      0x1df HAL/Keypad.o
 .debug_macro   0x0000000000000000      0x2e2 HAL/Keypad.o
 .debug_macro   0x0000000000000000       0xca HAL/Keypad.o
 .debug_macro   0x0000000000000000       0x46 HAL/Keypad.o
 .debug_line    0x0000000000000000      0x5f5 HAL/Keypad.o
 .debug_str     0x0000000000000000     0x83b5 HAL/Keypad.o
 .comment       0x0000000000000000       0x7c HAL/Keypad.o
 .debug_frame   0x0000000000000000       0x78 HAL/Keypad.o
 .ARM.attributes
                0x0000000000000000       0x33 HAL/Keypad.o
 .group         0x0000000000000000        0xc HAL/LCD.o
 .group         0x0000000000000000        0xc HAL/LCD.o
 .group         0x0000000000000000        0xc HAL/LCD.o
 .group         0x0000000000000000        0xc HAL/LCD.o
 .group         0x0000000000000000        0xc HAL/LCD.o
 .group         0x0000000000000000        0xc HAL/LCD.o
 .group         0x0000000000000000        0xc HAL/LCD.o
 .group         0x0000000000000000        0xc HAL/LCD.o
 .group         0x0000000000000000        0xc HAL/LCD.o
 .group         0x0000000000000000        0xc HAL/LCD.o
 .group         0x0000000000000000        0xc HAL/LCD.o
 .group         0x0000000000000000        0xc HAL/LCD.o
 .group         0x0000000000000000        0xc HAL/LCD.o
 .group         0x0000000000000000        0xc HAL/LCD.o
 .group         0x0000000000000000        0xc HAL/LCD.o
 .group         0x0000000000000000        0xc HAL/LCD.o
 .group         0x0000000000000000        0xc HAL/LCD.o
 .group         0x0000000000000000        0xc HAL/LCD.o
 .group         0x0000000000000000        0xc HAL/LCD.o
 .group         0x0000000000000000        0xc HAL/LCD.o
 .group         0x0000000000000000        0xc HAL/LCD.o
 .group         0x0000000000000000        0xc HAL/LCD.o
 .group         0x0000000000000000        0xc HAL/LCD.o
 .group         0x0000000000000000        0xc HAL/LCD.o
 .group         0x0000000000000000        0xc HAL/LCD.o
 .text          0x0000000000000000        0x0 HAL/LCD.o
 .data          0x0000000000000000        0x0 HAL/LCD.o
 .bss           0x0000000000000000        0x0 HAL/LCD.o
 .text.wait_ms  0x0000000000000000       0x38 HAL/LCD.o
 .text.LCD_init
                0x0000000000000000       0xc8 HAL/LCD.o
 .text.LCD_send_cmd
                0x0000000000000000       0xa4 HAL/LCD.o
 .text.LCD_send_char
                0x0000000000000000       0xa4 HAL/LCD.o
 .text.LCD_send_str
                0x0000000000000000       0x36 HAL/LCD.o
 .text.LCD_clear
                0x0000000000000000        0xe HAL/LCD.o
 .text.LCD_newline
                0x0000000000000000        0xe HAL/LCD.o
 .text.LCD_shift_left
                0x0000000000000000        0xe HAL/LCD.o
 .text.LCD_shift_right
                0x0000000000000000        0xe HAL/LCD.o
 .text.LCD_home
                0x0000000000000000        0xe HAL/LCD.o
 .debug_info    0x0000000000000000      0xc38 HAL/LCD.o
 .debug_abbrev  0x0000000000000000      0x1dc HAL/LCD.o
 .debug_loc     0x0000000000000000      0x278 HAL/LCD.o
 .debug_aranges
                0x0000000000000000       0x68 HAL/LCD.o
 .debug_ranges  0x0000000000000000       0x58 HAL/LCD.o
 .debug_macro   0x0000000000000000      0x14e HAL/LCD.o
 .debug_macro   0x0000000000000000      0xa60 HAL/LCD.o
 .debug_macro   0x0000000000000000       0x18 HAL/LCD.o
 .debug_macro   0x0000000000000000       0x22 HAL/LCD.o
 .debug_macro   0x0000000000000000       0x40 HAL/LCD.o
 .debug_macro   0x0000000000000000       0x94 HAL/LCD.o
 .debug_macro   0x0000000000000000       0x3c HAL/LCD.o
 .debug_macro   0x0000000000000000       0x34 HAL/LCD.o
 .debug_macro   0x0000000000000000       0x16 HAL/LCD.o
 .debug_macro   0x0000000000000000      0x10e HAL/LCD.o
 .debug_macro   0x0000000000000000       0x8d HAL/LCD.o
 .debug_macro   0x0000000000000000       0x57 HAL/LCD.o
 .debug_macro   0x0000000000000000       0x52 HAL/LCD.o
 .debug_macro   0x0000000000000000       0x1f HAL/LCD.o
 .debug_macro   0x0000000000000000       0x43 HAL/LCD.o
 .debug_macro   0x0000000000000000       0x20 HAL/LCD.o
 .debug_macro   0x0000000000000000      0x1a3 HAL/LCD.o
 .debug_macro   0x0000000000000000      0x330 HAL/LCD.o
 .debug_macro   0x0000000000000000       0x16 HAL/LCD.o
 .debug_macro   0x0000000000000000       0x29 HAL/LCD.o
 .debug_macro   0x0000000000000000       0xef HAL/LCD.o
 .debug_macro   0x0000000000000000       0x6a HAL/LCD.o
 .debug_macro   0x0000000000000000      0x1df HAL/LCD.o
 .debug_macro   0x0000000000000000      0x2e2 HAL/LCD.o
 .debug_macro   0x0000000000000000       0xca HAL/LCD.o
 .debug_macro   0x0000000000000000       0x34 HAL/LCD.o
 .debug_line    0x0000000000000000      0x669 HAL/LCD.o
 .debug_str     0x0000000000000000     0x83ad HAL/LCD.o
 .comment       0x0000000000000000       0x7c HAL/LCD.o
 .debug_frame   0x0000000000000000      0x154 HAL/LCD.o
 .ARM.attributes
                0x0000000000000000       0x33 HAL/LCD.o
 .group         0x0000000000000000        0xc MCAL/EXTI/EXTI.o
 .group         0x0000000000000000        0xc MCAL/EXTI/EXTI.o
 .group         0x0000000000000000        0xc MCAL/EXTI/EXTI.o
 .group         0x0000000000000000        0xc MCAL/EXTI/EXTI.o
 .group         0x0000000000000000        0xc MCAL/EXTI/EXTI.o
 .group         0x0000000000000000        0xc MCAL/EXTI/EXTI.o
 .group         0x0000000000000000        0xc MCAL/EXTI/EXTI.o
 .group         0x0000000000000000        0xc MCAL/EXTI/EXTI.o
 .group         0x0000000000000000        0xc MCAL/EXTI/EXTI.o
 .group         0x0000000000000000        0xc MCAL/EXTI/EXTI.o
 .group         0x0000000000000000        0xc MCAL/EXTI/EXTI.o
 .group         0x0000000000000000        0xc MCAL/EXTI/EXTI.o
 .group         0x0000000000000000        0xc MCAL/EXTI/EXTI.o
 .group         0x0000000000000000        0xc MCAL/EXTI/EXTI.o
 .group         0x0000000000000000        0xc MCAL/EXTI/EXTI.o
 .group         0x0000000000000000        0xc MCAL/EXTI/EXTI.o
 .group         0x0000000000000000        0xc MCAL/EXTI/EXTI.o
 .group         0x0000000000000000        0xc MCAL/EXTI/EXTI.o
 .group         0x0000000000000000        0xc MCAL/EXTI/EXTI.o
 .group         0x0000000000000000        0xc MCAL/EXTI/EXTI.o
 .group         0x0000000000000000        0xc MCAL/EXTI/EXTI.o
 .group         0x0000000000000000        0xc MCAL/EXTI/EXTI.o
 .group         0x0000000000000000        0xc MCAL/EXTI/EXTI.o
 .group         0x0000000000000000        0xc MCAL/EXTI/EXTI.o
 .group         0x0000000000000000        0xc MCAL/EXTI/EXTI.o
 .text          0x0000000000000000        0x0 MCAL/EXTI/EXTI.o
 .data          0x0000000000000000        0x0 MCAL/EXTI/EXTI.o
 .bss           0x0000000000000000        0x0 MCAL/EXTI/EXTI.o
 .text.NVIC_Enable
                0x0000000000000000       0xcc MCAL/EXTI/EXTI.o
 .text.NVIC_Disable
                0x0000000000000000       0xcc MCAL/EXTI/EXTI.o
 .text.EXTI_Update
                0x0000000000000000      0x1d8 MCAL/EXTI/EXTI.o
 .text.MCAL_EXTI_Init
                0x0000000000000000       0x16 MCAL/EXTI/EXTI.o
 .text.MCAL_EXTI_Update
                0x0000000000000000       0x16 MCAL/EXTI/EXTI.o
 .text.MCAL_EXTI_DeInit
                0x0000000000000000       0x94 MCAL/EXTI/EXTI.o
 .debug_macro   0x0000000000000000      0xa60 MCAL/EXTI/EXTI.o
 .debug_macro   0x0000000000000000       0x18 MCAL/EXTI/EXTI.o
 .debug_macro   0x0000000000000000       0x22 MCAL/EXTI/EXTI.o
 .debug_macro   0x0000000000000000       0x40 MCAL/EXTI/EXTI.o
 .debug_macro   0x0000000000000000       0x94 MCAL/EXTI/EXTI.o
 .debug_macro   0x0000000000000000       0x3c MCAL/EXTI/EXTI.o
 .debug_macro   0x0000000000000000       0x34 MCAL/EXTI/EXTI.o
 .debug_macro   0x0000000000000000       0x16 MCAL/EXTI/EXTI.o
 .debug_macro   0x0000000000000000      0x10e MCAL/EXTI/EXTI.o
 .debug_macro   0x0000000000000000       0x8d MCAL/EXTI/EXTI.o
 .debug_macro   0x0000000000000000       0x57 MCAL/EXTI/EXTI.o
 .debug_macro   0x0000000000000000       0x52 MCAL/EXTI/EXTI.o
 .debug_macro   0x0000000000000000       0x1f MCAL/EXTI/EXTI.o
 .debug_macro   0x0000000000000000       0x43 MCAL/EXTI/EXTI.o
 .debug_macro   0x0000000000000000       0x20 MCAL/EXTI/EXTI.o
 .debug_macro   0x0000000000000000      0x1a3 MCAL/EXTI/EXTI.o
 .debug_macro   0x0000000000000000      0x330 MCAL/EXTI/EXTI.o
 .debug_macro   0x0000000000000000       0x16 MCAL/EXTI/EXTI.o
 .debug_macro   0x0000000000000000       0x29 MCAL/EXTI/EXTI.o
 .debug_macro   0x0000000000000000       0xef MCAL/EXTI/EXTI.o
 .debug_macro   0x0000000000000000       0x6a MCAL/EXTI/EXTI.o
 .debug_macro   0x0000000000000000      0x1df MCAL/EXTI/EXTI.o
 .debug_macro   0x0000000000000000      0x2e2 MCAL/EXTI/EXTI.o
 .debug_macro   0x0000000000000000       0xca MCAL/EXTI/EXTI.o
 .group         0x0000000000000000        0xc MCAL/GPIO/GPIO.o
 .group         0x0000000000000000        0xc MCAL/GPIO/GPIO.o
 .group         0x0000000000000000        0xc MCAL/GPIO/GPIO.o
 .group         0x0000000000000000        0xc MCAL/GPIO/GPIO.o
 .group         0x0000000000000000        0xc MCAL/GPIO/GPIO.o
 .group         0x0000000000000000        0xc MCAL/GPIO/GPIO.o
 .group         0x0000000000000000        0xc MCAL/GPIO/GPIO.o
 .group         0x0000000000000000        0xc MCAL/GPIO/GPIO.o
 .group         0x0000000000000000        0xc MCAL/GPIO/GPIO.o
 .group         0x0000000000000000        0xc MCAL/GPIO/GPIO.o
 .group         0x0000000000000000        0xc MCAL/GPIO/GPIO.o
 .group         0x0000000000000000        0xc MCAL/GPIO/GPIO.o
 .group         0x0000000000000000        0xc MCAL/GPIO/GPIO.o
 .group         0x0000000000000000        0xc MCAL/GPIO/GPIO.o
 .group         0x0000000000000000        0xc MCAL/GPIO/GPIO.o
 .group         0x0000000000000000        0xc MCAL/GPIO/GPIO.o
 .group         0x0000000000000000        0xc MCAL/GPIO/GPIO.o
 .group         0x0000000000000000        0xc MCAL/GPIO/GPIO.o
 .group         0x0000000000000000        0xc MCAL/GPIO/GPIO.o
 .group         0x0000000000000000        0xc MCAL/GPIO/GPIO.o
 .group         0x0000000000000000        0xc MCAL/GPIO/GPIO.o
 .group         0x0000000000000000        0xc MCAL/GPIO/GPIO.o
 .group         0x0000000000000000        0xc MCAL/GPIO/GPIO.o
 .group         0x0000000000000000        0xc MCAL/GPIO/GPIO.o
 .text          0x0000000000000000        0x0 MCAL/GPIO/GPIO.o
 .data          0x0000000000000000        0x0 MCAL/GPIO/GPIO.o
 .bss           0x0000000000000000        0x0 MCAL/GPIO/GPIO.o
 .text.MCAL_GPIO_DeInit
                0x0000000000000000      0x120 MCAL/GPIO/GPIO.o
 .text.MCAL_GPIO_ReadPin
                0x0000000000000000       0x28 MCAL/GPIO/GPIO.o
 .text.MCAL_GPIO_ReadPort
                0x0000000000000000       0x18 MCAL/GPIO/GPIO.o
 .text.MCAL_GPIO_WritePin
                0x0000000000000000       0x3c MCAL/GPIO/GPIO.o
 .text.MCAL_GPIO_WritePort
                0x0000000000000000       0x1c MCAL/GPIO/GPIO.o
 .text.MCAL_GPIO_TogglePin
                0x0000000000000000       0x22 MCAL/GPIO/GPIO.o
 .text.MCAL_GPIO_LockPin
                0x0000000000000000       0x4e MCAL/GPIO/GPIO.o
 .debug_macro   0x0000000000000000      0xa60 MCAL/GPIO/GPIO.o
 .debug_macro   0x0000000000000000       0x18 MCAL/GPIO/GPIO.o
 .debug_macro   0x0000000000000000       0x22 MCAL/GPIO/GPIO.o
 .debug_macro   0x0000000000000000       0x40 MCAL/GPIO/GPIO.o
 .debug_macro   0x0000000000000000       0x94 MCAL/GPIO/GPIO.o
 .debug_macro   0x0000000000000000       0x3c MCAL/GPIO/GPIO.o
 .debug_macro   0x0000000000000000       0x34 MCAL/GPIO/GPIO.o
 .debug_macro   0x0000000000000000       0x16 MCAL/GPIO/GPIO.o
 .debug_macro   0x0000000000000000      0x10e MCAL/GPIO/GPIO.o
 .debug_macro   0x0000000000000000       0x8d MCAL/GPIO/GPIO.o
 .debug_macro   0x0000000000000000       0x57 MCAL/GPIO/GPIO.o
 .debug_macro   0x0000000000000000       0x52 MCAL/GPIO/GPIO.o
 .debug_macro   0x0000000000000000       0x1f MCAL/GPIO/GPIO.o
 .debug_macro   0x0000000000000000       0x43 MCAL/GPIO/GPIO.o
 .debug_macro   0x0000000000000000       0x20 MCAL/GPIO/GPIO.o
 .debug_macro   0x0000000000000000      0x1a3 MCAL/GPIO/GPIO.o
 .debug_macro   0x0000000000000000      0x330 MCAL/GPIO/GPIO.o
 .debug_macro   0x0000000000000000       0x16 MCAL/GPIO/GPIO.o
 .debug_macro   0x0000000000000000       0x29 MCAL/GPIO/GPIO.o
 .debug_macro   0x0000000000000000       0xef MCAL/GPIO/GPIO.o
 .debug_macro   0x0000000000000000       0x6a MCAL/GPIO/GPIO.o
 .debug_macro   0x0000000000000000      0x1df MCAL/GPIO/GPIO.o
 .debug_macro   0x0000000000000000      0x2e2 MCAL/GPIO/GPIO.o
 .debug_macro   0x0000000000000000       0xca MCAL/GPIO/GPIO.o
 .group         0x0000000000000000        0xc MCAL/I2C/I2C.o
 .group         0x0000000000000000        0xc MCAL/I2C/I2C.o
 .group         0x0000000000000000        0xc MCAL/I2C/I2C.o
 .group         0x0000000000000000        0xc MCAL/I2C/I2C.o
 .group         0x0000000000000000        0xc MCAL/I2C/I2C.o
 .group         0x0000000000000000        0xc MCAL/I2C/I2C.o
 .group         0x0000000000000000        0xc MCAL/I2C/I2C.o
 .group         0x0000000000000000        0xc MCAL/I2C/I2C.o
 .group         0x0000000000000000        0xc MCAL/I2C/I2C.o
 .group         0x0000000000000000        0xc MCAL/I2C/I2C.o
 .group         0x0000000000000000        0xc MCAL/I2C/I2C.o
 .group         0x0000000000000000        0xc MCAL/I2C/I2C.o
 .group         0x0000000000000000        0xc MCAL/I2C/I2C.o
 .group         0x0000000000000000        0xc MCAL/I2C/I2C.o
 .group         0x0000000000000000        0xc MCAL/I2C/I2C.o
 .group         0x0000000000000000        0xc MCAL/I2C/I2C.o
 .group         0x0000000000000000        0xc MCAL/I2C/I2C.o
 .group         0x0000000000000000        0xc MCAL/I2C/I2C.o
 .group         0x0000000000000000        0xc MCAL/I2C/I2C.o
 .group         0x0000000000000000        0xc MCAL/I2C/I2C.o
 .group         0x0000000000000000        0xc MCAL/I2C/I2C.o
 .group         0x0000000000000000        0xc MCAL/I2C/I2C.o
 .group         0x0000000000000000        0xc MCAL/I2C/I2C.o
 .group         0x0000000000000000        0xc MCAL/I2C/I2C.o
 .group         0x0000000000000000        0xc MCAL/I2C/I2C.o
 .group         0x0000000000000000        0xc MCAL/I2C/I2C.o
 .text          0x0000000000000000        0x0 MCAL/I2C/I2C.o
 .data          0x0000000000000000        0x0 MCAL/I2C/I2C.o
 .bss           0x0000000000000000        0x0 MCAL/I2C/I2C.o
 .text.MCAL_I2C_DeInit
                0x0000000000000000       0x80 MCAL/I2C/I2C.o
 .text.MCAL_I2C_Slave_Tx
                0x0000000000000000       0x1c MCAL/I2C/I2C.o
 .text.MCAL_I2C_Slave_Rx
                0x0000000000000000       0x18 MCAL/I2C/I2C.o
 .debug_macro   0x0000000000000000      0xa60 MCAL/I2C/I2C.o
 .debug_macro   0x0000000000000000       0x18 MCAL/I2C/I2C.o
 .debug_macro   0x0000000000000000       0x22 MCAL/I2C/I2C.o
 .debug_macro   0x0000000000000000       0x40 MCAL/I2C/I2C.o
 .debug_macro   0x0000000000000000       0x94 MCAL/I2C/I2C.o
 .debug_macro   0x0000000000000000       0x3c MCAL/I2C/I2C.o
 .debug_macro   0x0000000000000000       0x34 MCAL/I2C/I2C.o
 .debug_macro   0x0000000000000000       0x16 MCAL/I2C/I2C.o
 .debug_macro   0x0000000000000000      0x10e MCAL/I2C/I2C.o
 .debug_macro   0x0000000000000000       0x8d MCAL/I2C/I2C.o
 .debug_macro   0x0000000000000000       0x57 MCAL/I2C/I2C.o
 .debug_macro   0x0000000000000000       0x52 MCAL/I2C/I2C.o
 .debug_macro   0x0000000000000000       0x1f MCAL/I2C/I2C.o
 .debug_macro   0x0000000000000000       0x43 MCAL/I2C/I2C.o
 .debug_macro   0x0000000000000000       0x20 MCAL/I2C/I2C.o
 .debug_macro   0x0000000000000000      0x1a3 MCAL/I2C/I2C.o
 .debug_macro   0x0000000000000000      0x330 MCAL/I2C/I2C.o
 .debug_macro   0x0000000000000000       0x16 MCAL/I2C/I2C.o
 .debug_macro   0x0000000000000000       0x29 MCAL/I2C/I2C.o
 .debug_macro   0x0000000000000000       0xef MCAL/I2C/I2C.o
 .debug_macro   0x0000000000000000       0x6a MCAL/I2C/I2C.o
 .debug_macro   0x0000000000000000      0x1df MCAL/I2C/I2C.o
 .debug_macro   0x0000000000000000      0x2e2 MCAL/I2C/I2C.o
 .debug_macro   0x0000000000000000       0xa0 MCAL/I2C/I2C.o
 .debug_macro   0x0000000000000000       0xd0 MCAL/I2C/I2C.o
 .debug_macro   0x0000000000000000      0x381 MCAL/I2C/I2C.o
 .group         0x0000000000000000        0xc MCAL/RCC/RCC.o
 .group         0x0000000000000000        0xc MCAL/RCC/RCC.o
 .group         0x0000000000000000        0xc MCAL/RCC/RCC.o
 .group         0x0000000000000000        0xc MCAL/RCC/RCC.o
 .group         0x0000000000000000        0xc MCAL/RCC/RCC.o
 .group         0x0000000000000000        0xc MCAL/RCC/RCC.o
 .group         0x0000000000000000        0xc MCAL/RCC/RCC.o
 .group         0x0000000000000000        0xc MCAL/RCC/RCC.o
 .group         0x0000000000000000        0xc MCAL/RCC/RCC.o
 .group         0x0000000000000000        0xc MCAL/RCC/RCC.o
 .group         0x0000000000000000        0xc MCAL/RCC/RCC.o
 .group         0x0000000000000000        0xc MCAL/RCC/RCC.o
 .group         0x0000000000000000        0xc MCAL/RCC/RCC.o
 .group         0x0000000000000000        0xc MCAL/RCC/RCC.o
 .group         0x0000000000000000        0xc MCAL/RCC/RCC.o
 .group         0x0000000000000000        0xc MCAL/RCC/RCC.o
 .group         0x0000000000000000        0xc MCAL/RCC/RCC.o
 .group         0x0000000000000000        0xc MCAL/RCC/RCC.o
 .group         0x0000000000000000        0xc MCAL/RCC/RCC.o
 .group         0x0000000000000000        0xc MCAL/RCC/RCC.o
 .group         0x0000000000000000        0xc MCAL/RCC/RCC.o
 .group         0x0000000000000000        0xc MCAL/RCC/RCC.o
 .group         0x0000000000000000        0xc MCAL/RCC/RCC.o
 .group         0x0000000000000000        0xc MCAL/RCC/RCC.o
 .text          0x0000000000000000        0x0 MCAL/RCC/RCC.o
 .data          0x0000000000000000        0x0 MCAL/RCC/RCC.o
 .bss           0x0000000000000000        0x0 MCAL/RCC/RCC.o
 .text.MCAL_RCC_Get_PClk2_Freq
                0x0000000000000000       0x7c MCAL/RCC/RCC.o
 .debug_macro   0x0000000000000000      0xa60 MCAL/RCC/RCC.o
 .debug_macro   0x0000000000000000       0x18 MCAL/RCC/RCC.o
 .debug_macro   0x0000000000000000       0x22 MCAL/RCC/RCC.o
 .debug_macro   0x0000000000000000       0x40 MCAL/RCC/RCC.o
 .debug_macro   0x0000000000000000       0x94 MCAL/RCC/RCC.o
 .debug_macro   0x0000000000000000       0x3c MCAL/RCC/RCC.o
 .debug_macro   0x0000000000000000       0x34 MCAL/RCC/RCC.o
 .debug_macro   0x0000000000000000       0x16 MCAL/RCC/RCC.o
 .debug_macro   0x0000000000000000      0x10e MCAL/RCC/RCC.o
 .debug_macro   0x0000000000000000       0x8d MCAL/RCC/RCC.o
 .debug_macro   0x0000000000000000       0x57 MCAL/RCC/RCC.o
 .debug_macro   0x0000000000000000       0x52 MCAL/RCC/RCC.o
 .debug_macro   0x0000000000000000       0x1f MCAL/RCC/RCC.o
 .debug_macro   0x0000000000000000       0x43 MCAL/RCC/RCC.o
 .debug_macro   0x0000000000000000       0x20 MCAL/RCC/RCC.o
 .debug_macro   0x0000000000000000      0x1a3 MCAL/RCC/RCC.o
 .debug_macro   0x0000000000000000      0x330 MCAL/RCC/RCC.o
 .debug_macro   0x0000000000000000       0x16 MCAL/RCC/RCC.o
 .debug_macro   0x0000000000000000       0x29 MCAL/RCC/RCC.o
 .debug_macro   0x0000000000000000       0xef MCAL/RCC/RCC.o
 .debug_macro   0x0000000000000000       0x6a MCAL/RCC/RCC.o
 .debug_macro   0x0000000000000000      0x1df MCAL/RCC/RCC.o
 .debug_macro   0x0000000000000000      0x2e2 MCAL/RCC/RCC.o
 .group         0x0000000000000000        0xc MCAL/SPI/SPI.o
 .group         0x0000000000000000        0xc MCAL/SPI/SPI.o
 .group         0x0000000000000000        0xc MCAL/SPI/SPI.o
 .group         0x0000000000000000        0xc MCAL/SPI/SPI.o
 .group         0x0000000000000000        0xc MCAL/SPI/SPI.o
 .group         0x0000000000000000        0xc MCAL/SPI/SPI.o
 .group         0x0000000000000000        0xc MCAL/SPI/SPI.o
 .group         0x0000000000000000        0xc MCAL/SPI/SPI.o
 .group         0x0000000000000000        0xc MCAL/SPI/SPI.o
 .group         0x0000000000000000        0xc MCAL/SPI/SPI.o
 .group         0x0000000000000000        0xc MCAL/SPI/SPI.o
 .group         0x0000000000000000        0xc MCAL/SPI/SPI.o
 .group         0x0000000000000000        0xc MCAL/SPI/SPI.o
 .group         0x0000000000000000        0xc MCAL/SPI/SPI.o
 .group         0x0000000000000000        0xc MCAL/SPI/SPI.o
 .group         0x0000000000000000        0xc MCAL/SPI/SPI.o
 .group         0x0000000000000000        0xc MCAL/SPI/SPI.o
 .group         0x0000000000000000        0xc MCAL/SPI/SPI.o
 .group         0x0000000000000000        0xc MCAL/SPI/SPI.o
 .group         0x0000000000000000        0xc MCAL/SPI/SPI.o
 .group         0x0000000000000000        0xc MCAL/SPI/SPI.o
 .group         0x0000000000000000        0xc MCAL/SPI/SPI.o
 .group         0x0000000000000000        0xc MCAL/SPI/SPI.o
 .group         0x0000000000000000        0xc MCAL/SPI/SPI.o
 .group         0x0000000000000000        0xc MCAL/SPI/SPI.o
 .group         0x0000000000000000        0xc MCAL/SPI/SPI.o
 .text          0x0000000000000000        0x0 MCAL/SPI/SPI.o
 .data          0x0000000000000000        0x0 MCAL/SPI/SPI.o
 .bss           0x0000000000000000        0x0 MCAL/SPI/SPI.o
 .text.MCAL_SPI_Init
                0x0000000000000000      0x158 MCAL/SPI/SPI.o
 .text.MCAL_SPI_DeInit
                0x0000000000000000       0x64 MCAL/SPI/SPI.o
 .text.MCAL_SPI_GPIO_Pins
                0x0000000000000000      0x1ec MCAL/SPI/SPI.o
 .text.MCAL_SPI_Send_Data
                0x0000000000000000       0x36 MCAL/SPI/SPI.o
 .text.MCAL_SPI_Receive_Data
                0x0000000000000000       0x36 MCAL/SPI/SPI.o
 .text.MCAL_SPI_Tx_Rx
                0x0000000000000000       0x54 MCAL/SPI/SPI.o
 .debug_macro   0x0000000000000000      0xa60 MCAL/SPI/SPI.o
 .debug_macro   0x0000000000000000       0x18 MCAL/SPI/SPI.o
 .debug_macro   0x0000000000000000       0x22 MCAL/SPI/SPI.o
 .debug_macro   0x0000000000000000       0x40 MCAL/SPI/SPI.o
 .debug_macro   0x0000000000000000       0x94 MCAL/SPI/SPI.o
 .debug_macro   0x0000000000000000       0x3c MCAL/SPI/SPI.o
 .debug_macro   0x0000000000000000       0x34 MCAL/SPI/SPI.o
 .debug_macro   0x0000000000000000       0x16 MCAL/SPI/SPI.o
 .debug_macro   0x0000000000000000      0x10e MCAL/SPI/SPI.o
 .debug_macro   0x0000000000000000       0x8d MCAL/SPI/SPI.o
 .debug_macro   0x0000000000000000       0x57 MCAL/SPI/SPI.o
 .debug_macro   0x0000000000000000       0x52 MCAL/SPI/SPI.o
 .debug_macro   0x0000000000000000       0x1f MCAL/SPI/SPI.o
 .debug_macro   0x0000000000000000       0x43 MCAL/SPI/SPI.o
 .debug_macro   0x0000000000000000       0x20 MCAL/SPI/SPI.o
 .debug_macro   0x0000000000000000      0x1a3 MCAL/SPI/SPI.o
 .debug_macro   0x0000000000000000      0x330 MCAL/SPI/SPI.o
 .debug_macro   0x0000000000000000       0x16 MCAL/SPI/SPI.o
 .debug_macro   0x0000000000000000       0x29 MCAL/SPI/SPI.o
 .debug_macro   0x0000000000000000       0xef MCAL/SPI/SPI.o
 .debug_macro   0x0000000000000000       0x6a MCAL/SPI/SPI.o
 .debug_macro   0x0000000000000000      0x1df MCAL/SPI/SPI.o
 .debug_macro   0x0000000000000000      0x2e2 MCAL/SPI/SPI.o
 .debug_macro   0x0000000000000000       0xa0 MCAL/SPI/SPI.o
 .debug_macro   0x0000000000000000       0xd0 MCAL/SPI/SPI.o
 COMMON         0x0000000000000000       0x28 MCAL/SPI/SPI.o
 .group         0x0000000000000000        0xc MCAL/USART/USART.o
 .group         0x0000000000000000        0xc MCAL/USART/USART.o
 .group         0x0000000000000000        0xc MCAL/USART/USART.o
 .group         0x0000000000000000        0xc MCAL/USART/USART.o
 .group         0x0000000000000000        0xc MCAL/USART/USART.o
 .group         0x0000000000000000        0xc MCAL/USART/USART.o
 .group         0x0000000000000000        0xc MCAL/USART/USART.o
 .group         0x0000000000000000        0xc MCAL/USART/USART.o
 .group         0x0000000000000000        0xc MCAL/USART/USART.o
 .group         0x0000000000000000        0xc MCAL/USART/USART.o
 .group         0x0000000000000000        0xc MCAL/USART/USART.o
 .group         0x0000000000000000        0xc MCAL/USART/USART.o
 .group         0x0000000000000000        0xc MCAL/USART/USART.o
 .group         0x0000000000000000        0xc MCAL/USART/USART.o
 .group         0x0000000000000000        0xc MCAL/USART/USART.o
 .group         0x0000000000000000        0xc MCAL/USART/USART.o
 .group         0x0000000000000000        0xc MCAL/USART/USART.o
 .group         0x0000000000000000        0xc MCAL/USART/USART.o
 .group         0x0000000000000000        0xc MCAL/USART/USART.o
 .group         0x0000000000000000        0xc MCAL/USART/USART.o
 .group         0x0000000000000000        0xc MCAL/USART/USART.o
 .group         0x0000000000000000        0xc MCAL/USART/USART.o
 .group         0x0000000000000000        0xc MCAL/USART/USART.o
 .group         0x0000000000000000        0xc MCAL/USART/USART.o
 .group         0x0000000000000000        0xc MCAL/USART/USART.o
 .group         0x0000000000000000        0xc MCAL/USART/USART.o
 .text          0x0000000000000000        0x0 MCAL/USART/USART.o
 .data          0x0000000000000000        0x0 MCAL/USART/USART.o
 .bss           0x0000000000000000        0x0 MCAL/USART/USART.o
 .text.MCAL_USART_Init
                0x0000000000000000      0x194 MCAL/USART/USART.o
 .text.MCAL_USART_DeInit
                0x0000000000000000       0x8c MCAL/USART/USART.o
 .text.MCAL_USART_GPIO_Pins
                0x0000000000000000      0x118 MCAL/USART/USART.o
 .text.MCAL_USART_Send_Data
                0x0000000000000000       0xe4 MCAL/USART/USART.o
 .text.MCAL_USART_Receive_Data
                0x0000000000000000      0x16c MCAL/USART/USART.o
 .debug_macro   0x0000000000000000      0xa60 MCAL/USART/USART.o
 .debug_macro   0x0000000000000000       0x18 MCAL/USART/USART.o
 .debug_macro   0x0000000000000000       0x22 MCAL/USART/USART.o
 .debug_macro   0x0000000000000000       0x40 MCAL/USART/USART.o
 .debug_macro   0x0000000000000000       0x94 MCAL/USART/USART.o
 .debug_macro   0x0000000000000000       0x3c MCAL/USART/USART.o
 .debug_macro   0x0000000000000000       0x34 MCAL/USART/USART.o
 .debug_macro   0x0000000000000000       0x16 MCAL/USART/USART.o
 .debug_macro   0x0000000000000000      0x10e MCAL/USART/USART.o
 .debug_macro   0x0000000000000000       0x8d MCAL/USART/USART.o
 .debug_macro   0x0000000000000000       0x57 MCAL/USART/USART.o
 .debug_macro   0x0000000000000000       0x52 MCAL/USART/USART.o
 .debug_macro   0x0000000000000000       0x1f MCAL/USART/USART.o
 .debug_macro   0x0000000000000000       0x43 MCAL/USART/USART.o
 .debug_macro   0x0000000000000000       0x20 MCAL/USART/USART.o
 .debug_macro   0x0000000000000000      0x1a3 MCAL/USART/USART.o
 .debug_macro   0x0000000000000000      0x330 MCAL/USART/USART.o
 .debug_macro   0x0000000000000000       0x16 MCAL/USART/USART.o
 .debug_macro   0x0000000000000000       0x29 MCAL/USART/USART.o
 .debug_macro   0x0000000000000000       0xef MCAL/USART/USART.o
 .debug_macro   0x0000000000000000       0x6a MCAL/USART/USART.o
 .debug_macro   0x0000000000000000      0x1df MCAL/USART/USART.o
 .debug_macro   0x0000000000000000      0x2e2 MCAL/USART/USART.o
 .debug_macro   0x0000000000000000       0xa0 MCAL/USART/USART.o
 .debug_macro   0x0000000000000000       0xd0 MCAL/USART/USART.o
 .group         0x0000000000000000        0xc Src/main.o
 .group         0x0000000000000000        0xc Src/main.o
 .group         0x0000000000000000        0xc Src/main.o
 .group         0x0000000000000000        0xc Src/main.o
 .group         0x0000000000000000        0xc Src/main.o
 .group         0x0000000000000000        0xc Src/main.o
 .group         0x0000000000000000        0xc Src/main.o
 .group         0x0000000000000000        0xc Src/main.o
 .group         0x0000000000000000        0xc Src/main.o
 .group         0x0000000000000000        0xc Src/main.o
 .group         0x0000000000000000        0xc Src/main.o
 .group         0x0000000000000000        0xc Src/main.o
 .group         0x0000000000000000        0xc Src/main.o
 .group         0x0000000000000000        0xc Src/main.o
 .group         0x0000000000000000        0xc Src/main.o
 .group         0x0000000000000000        0xc Src/main.o
 .group         0x0000000000000000        0xc Src/main.o
 .group         0x0000000000000000        0xc Src/main.o
 .group         0x0000000000000000        0xc Src/main.o
 .group         0x0000000000000000        0xc Src/main.o
 .group         0x0000000000000000        0xc Src/main.o
 .group         0x0000000000000000        0xc Src/main.o
 .group         0x0000000000000000        0xc Src/main.o
 .group         0x0000000000000000        0xc Src/main.o
 .group         0x0000000000000000        0xc Src/main.o
 .group         0x0000000000000000        0xc Src/main.o
 .text          0x0000000000000000        0x0 Src/main.o
 .data          0x0000000000000000        0x0 Src/main.o
 .bss           0x0000000000000000        0x0 Src/main.o
 .debug_macro   0x0000000000000000      0xa60 Src/main.o
 .debug_macro   0x0000000000000000       0x18 Src/main.o
 .debug_macro   0x0000000000000000       0x22 Src/main.o
 .debug_macro   0x0000000000000000       0x40 Src/main.o
 .debug_macro   0x0000000000000000       0x94 Src/main.o
 .debug_macro   0x0000000000000000       0x3c Src/main.o
 .debug_macro   0x0000000000000000       0x34 Src/main.o
 .debug_macro   0x0000000000000000       0x16 Src/main.o
 .debug_macro   0x0000000000000000      0x10e Src/main.o
 .debug_macro   0x0000000000000000       0x8d Src/main.o
 .debug_macro   0x0000000000000000       0x57 Src/main.o
 .debug_macro   0x0000000000000000       0x52 Src/main.o
 .debug_macro   0x0000000000000000       0x1f Src/main.o
 .debug_macro   0x0000000000000000       0x43 Src/main.o
 .debug_macro   0x0000000000000000       0x20 Src/main.o
 .debug_macro   0x0000000000000000      0x1a3 Src/main.o
 .debug_macro   0x0000000000000000      0x330 Src/main.o
 .debug_macro   0x0000000000000000       0x16 Src/main.o
 .debug_macro   0x0000000000000000       0x29 Src/main.o
 .debug_macro   0x0000000000000000       0xef Src/main.o
 .debug_macro   0x0000000000000000       0x6a Src/main.o
 .debug_macro   0x0000000000000000      0x1df Src/main.o
 .debug_macro   0x0000000000000000      0x2e2 Src/main.o
 .debug_macro   0x0000000000000000       0x9a Src/main.o
 .debug_macro   0x0000000000000000       0xd0 Src/main.o
 .debug_macro   0x0000000000000000      0x381 Src/main.o
 .group         0x0000000000000000        0xc Src/syscalls.o
 .group         0x0000000000000000        0xc Src/syscalls.o
 .group         0x0000000000000000        0xc Src/syscalls.o
 .group         0x0000000000000000        0xc Src/syscalls.o
 .group         0x0000000000000000        0xc Src/syscalls.o
 .group         0x0000000000000000        0xc Src/syscalls.o
 .group         0x0000000000000000        0xc Src/syscalls.o
 .group         0x0000000000000000        0xc Src/syscalls.o
 .group         0x0000000000000000        0xc Src/syscalls.o
 .group         0x0000000000000000        0xc Src/syscalls.o
 .group         0x0000000000000000        0xc Src/syscalls.o
 .group         0x0000000000000000        0xc Src/syscalls.o
 .group         0x0000000000000000        0xc Src/syscalls.o
 .group         0x0000000000000000        0xc Src/syscalls.o
 .group         0x0000000000000000        0xc Src/syscalls.o
 .group         0x0000000000000000        0xc Src/syscalls.o
 .group         0x0000000000000000        0xc Src/syscalls.o
 .group         0x0000000000000000        0xc Src/syscalls.o
 .group         0x0000000000000000        0xc Src/syscalls.o
 .group         0x0000000000000000        0xc Src/syscalls.o
 .group         0x0000000000000000        0xc Src/syscalls.o
 .group         0x0000000000000000        0xc Src/syscalls.o
 .group         0x0000000000000000        0xc Src/syscalls.o
 .group         0x0000000000000000        0xc Src/syscalls.o
 .group         0x0000000000000000        0xc Src/syscalls.o
 .group         0x0000000000000000        0xc Src/syscalls.o
 .group         0x0000000000000000        0xc Src/syscalls.o
 .group         0x0000000000000000        0xc Src/syscalls.o
 .group         0x0000000000000000        0xc Src/syscalls.o
 .group         0x0000000000000000        0xc Src/syscalls.o
 .group         0x0000000000000000        0xc Src/syscalls.o
 .group         0x0000000000000000        0xc Src/syscalls.o
 .group         0x0000000000000000        0xc Src/syscalls.o
 .group         0x0000000000000000        0xc Src/syscalls.o
 .group         0x0000000000000000        0xc Src/syscalls.o
 .group         0x0000000000000000        0xc Src/syscalls.o
 .group         0x0000000000000000        0xc Src/syscalls.o
 .group         0x0000000000000000        0xc Src/syscalls.o
 .group         0x0000000000000000        0xc Src/syscalls.o
 .group         0x0000000000000000        0xc Src/syscalls.o
 .group         0x0000000000000000        0xc Src/syscalls.o
 .group         0x0000000000000000        0xc Src/syscalls.o
 .group         0x0000000000000000        0xc Src/syscalls.o
 .group         0x0000000000000000        0xc Src/syscalls.o
 .text          0x0000000000000000        0x0 Src/syscalls.o
 .data          0x0000000000000000        0x0 Src/syscalls.o
 .bss           0x0000000000000000        0x0 Src/syscalls.o
 .bss.__env     0x0000000000000000        0x4 Src/syscalls.o
 .data.environ  0x0000000000000000        0x4 Src/syscalls.o
 .text.initialise_monitor_handles
                0x0000000000000000        0xc Src/syscalls.o
 .text._getpid  0x0000000000000000        0xe Src/syscalls.o
 .text._kill    0x0000000000000000       0x20 Src/syscalls.o
 .text._exit    0x0000000000000000       0x14 Src/syscalls.o
 .text._read    0x0000000000000000       0x3a Src/syscalls.o
 .text._write   0x0000000000000000       0x38 Src/syscalls.o
 .text._close   0x0000000000000000       0x16 Src/syscalls.o
 .text._fstat   0x0000000000000000       0x1e Src/syscalls.o
 .text._isatty  0x0000000000000000       0x14 Src/syscalls.o
 .text._lseek   0x0000000000000000       0x18 Src/syscalls.o
 .text._open    0x0000000000000000       0x1a Src/syscalls.o
 .text._wait    0x0000000000000000       0x1e Src/syscalls.o
 .text._unlink  0x0000000000000000       0x1e Src/syscalls.o
 .text._times   0x0000000000000000       0x16 Src/syscalls.o
 .text._stat    0x0000000000000000       0x1e Src/syscalls.o
 .text._link    0x0000000000000000       0x20 Src/syscalls.o
 .text._fork    0x0000000000000000       0x16 Src/syscalls.o
 .text._execve  0x0000000000000000       0x22 Src/syscalls.o
 .debug_info    0x0000000000000000     0x1038 Src/syscalls.o
 .debug_abbrev  0x0000000000000000      0x254 Src/syscalls.o
 .debug_loc     0x0000000000000000      0x5b8 Src/syscalls.o
 .debug_aranges
                0x0000000000000000       0xa8 Src/syscalls.o
 .debug_ranges  0x0000000000000000       0x98 Src/syscalls.o
 .debug_macro   0x0000000000000000      0x243 Src/syscalls.o
 .debug_macro   0x0000000000000000      0xa60 Src/syscalls.o
 .debug_macro   0x0000000000000000       0x22 Src/syscalls.o
 .debug_macro   0x0000000000000000       0x40 Src/syscalls.o
 .debug_macro   0x0000000000000000       0x18 Src/syscalls.o
 .debug_macro   0x0000000000000000       0x94 Src/syscalls.o
 .debug_macro   0x0000000000000000       0x3c Src/syscalls.o
 .debug_macro   0x0000000000000000       0x34 Src/syscalls.o
 .debug_macro   0x0000000000000000       0x57 Src/syscalls.o
 .debug_macro   0x0000000000000000      0x174 Src/syscalls.o
 .debug_macro   0x0000000000000000      0x330 Src/syscalls.o
 .debug_macro   0x0000000000000000       0x52 Src/syscalls.o
 .debug_macro   0x0000000000000000       0x1f Src/syscalls.o
 .debug_macro   0x0000000000000000       0x43 Src/syscalls.o
 .debug_macro   0x0000000000000000       0x20 Src/syscalls.o
 .debug_macro   0x0000000000000000      0x1a3 Src/syscalls.o
 .debug_macro   0x0000000000000000       0x10 Src/syscalls.o
 .debug_macro   0x0000000000000000       0x35 Src/syscalls.o
 .debug_macro   0x0000000000000000       0x10 Src/syscalls.o
 .debug_macro   0x0000000000000000       0x10 Src/syscalls.o
 .debug_macro   0x0000000000000000       0x10 Src/syscalls.o
 .debug_macro   0x0000000000000000       0x6a Src/syscalls.o
 .debug_macro   0x0000000000000000       0x1c Src/syscalls.o
 .debug_macro   0x0000000000000000       0x52 Src/syscalls.o
 .debug_macro   0x0000000000000000       0x40 Src/syscalls.o
 .debug_macro   0x0000000000000000       0x10 Src/syscalls.o
 .debug_macro   0x0000000000000000       0x40 Src/syscalls.o
 .debug_macro   0x0000000000000000       0xd7 Src/syscalls.o
 .debug_macro   0x0000000000000000       0x1c Src/syscalls.o
 .debug_macro   0x0000000000000000       0x3d Src/syscalls.o
 .debug_macro   0x0000000000000000       0x35 Src/syscalls.o
 .debug_macro   0x0000000000000000      0x122 Src/syscalls.o
 .debug_macro   0x0000000000000000       0x16 Src/syscalls.o
 .debug_macro   0x0000000000000000       0x16 Src/syscalls.o
 .debug_macro   0x0000000000000000       0x29 Src/syscalls.o
 .debug_macro   0x0000000000000000       0x10 Src/syscalls.o
 .debug_macro   0x0000000000000000      0x241 Src/syscalls.o
 .debug_macro   0x0000000000000000       0x1c Src/syscalls.o
 .debug_macro   0x0000000000000000       0x10 Src/syscalls.o
 .debug_macro   0x0000000000000000       0x10 Src/syscalls.o
 .debug_macro   0x0000000000000000       0x16 Src/syscalls.o
 .debug_macro   0x0000000000000000      0x145 Src/syscalls.o
 .debug_macro   0x0000000000000000      0x189 Src/syscalls.o
 .debug_macro   0x0000000000000000       0x16 Src/syscalls.o
 .debug_macro   0x0000000000000000       0x88 Src/syscalls.o
 .debug_line    0x0000000000000000      0x739 Src/syscalls.o
 .debug_str     0x0000000000000000     0x8872 Src/syscalls.o
 .comment       0x0000000000000000       0x7c Src/syscalls.o
 .debug_frame   0x0000000000000000      0x2ac Src/syscalls.o
 .ARM.attributes
                0x0000000000000000       0x33 Src/syscalls.o
 .group         0x0000000000000000        0xc Src/sysmem.o
 .group         0x0000000000000000        0xc Src/sysmem.o
 .group         0x0000000000000000        0xc Src/sysmem.o
 .group         0x0000000000000000        0xc Src/sysmem.o
 .group         0x0000000000000000        0xc Src/sysmem.o
 .group         0x0000000000000000        0xc Src/sysmem.o
 .group         0x0000000000000000        0xc Src/sysmem.o
 .group         0x0000000000000000        0xc Src/sysmem.o
 .group         0x0000000000000000        0xc Src/sysmem.o
 .group         0x0000000000000000        0xc Src/sysmem.o
 .group         0x0000000000000000        0xc Src/sysmem.o
 .group         0x0000000000000000        0xc Src/sysmem.o
 .group         0x0000000000000000        0xc Src/sysmem.o
 .group         0x0000000000000000        0xc Src/sysmem.o
 .group         0x0000000000000000        0xc Src/sysmem.o
 .group         0x0000000000000000        0xc Src/sysmem.o
 .group         0x0000000000000000        0xc Src/sysmem.o
 .group         0x0000000000000000        0xc Src/sysmem.o
 .group         0x0000000000000000        0xc Src/sysmem.o
 .text          0x0000000000000000        0x0 Src/sysmem.o
 .data          0x0000000000000000        0x0 Src/sysmem.o
 .bss           0x0000000000000000        0x0 Src/sysmem.o
 .bss.__sbrk_heap_end
                0x0000000000000000        0x4 Src/sysmem.o
 .text._sbrk    0x0000000000000000       0x6c Src/sysmem.o
 .debug_info    0x0000000000000000      0xa7c Src/sysmem.o
 .debug_abbrev  0x0000000000000000      0x18e Src/sysmem.o
 .debug_loc     0x0000000000000000       0x50 Src/sysmem.o
 .debug_aranges
                0x0000000000000000       0x20 Src/sysmem.o
 .debug_ranges  0x0000000000000000       0x10 Src/sysmem.o
 .debug_macro   0x0000000000000000       0xee Src/sysmem.o
 .debug_macro   0x0000000000000000      0xa60 Src/sysmem.o
 .debug_macro   0x0000000000000000       0x10 Src/sysmem.o
 .debug_macro   0x0000000000000000       0x22 Src/sysmem.o
 .debug_macro   0x0000000000000000       0x40 Src/sysmem.o
 .debug_macro   0x0000000000000000       0x18 Src/sysmem.o
 .debug_macro   0x0000000000000000       0x94 Src/sysmem.o
 .debug_macro   0x0000000000000000       0x3c Src/sysmem.o
 .debug_macro   0x0000000000000000       0x34 Src/sysmem.o
 .debug_macro   0x0000000000000000      0x174 Src/sysmem.o
 .debug_macro   0x0000000000000000       0x57 Src/sysmem.o
 .debug_macro   0x0000000000000000       0x52 Src/sysmem.o
 .debug_macro   0x0000000000000000       0x1f Src/sysmem.o
 .debug_macro   0x0000000000000000       0x43 Src/sysmem.o
 .debug_macro   0x0000000000000000       0x20 Src/sysmem.o
 .debug_macro   0x0000000000000000      0x1a3 Src/sysmem.o
 .debug_macro   0x0000000000000000      0x23b Src/sysmem.o
 .debug_macro   0x0000000000000000       0xef Src/sysmem.o
 .debug_macro   0x0000000000000000       0x6a Src/sysmem.o
 .debug_macro   0x0000000000000000      0x1df Src/sysmem.o
 .debug_line    0x0000000000000000      0x4c2 Src/sysmem.o
 .debug_str     0x0000000000000000     0x5f40 Src/sysmem.o
 .comment       0x0000000000000000       0x7c Src/sysmem.o
 .debug_frame   0x0000000000000000       0x34 Src/sysmem.o
 .ARM.attributes
                0x0000000000000000       0x33 Src/sysmem.o
 .text          0x0000000000000000       0x14 Startup/startup_stm32f103c6tx.o
 .data          0x0000000000000000        0x0 Startup/startup_stm32f103c6tx.o
 .bss           0x0000000000000000        0x0 Startup/startup_stm32f103c6tx.o
 .text          0x0000000000000000        0x0 c:/st/stm32cubeide_1.4.0/stm32cubeide/plugins/com.st.stm32cube.ide.mcu.externaltools.gnu-tools-for-stm32.7-2018-q2-update.win32_1.4.0.202007081208/tools/bin/../lib/gcc/arm-none-eabi/7.3.1/../../../../arm-none-eabi/lib/thumb/v7-m\libc_nano.a(lib_a-errno.o)
 .data          0x0000000000000000        0x0 c:/st/stm32cubeide_1.4.0/stm32cubeide/plugins/com.st.stm32cube.ide.mcu.externaltools.gnu-tools-for-stm32.7-2018-q2-update.win32_1.4.0.202007081208/tools/bin/../lib/gcc/arm-none-eabi/7.3.1/../../../../arm-none-eabi/lib/thumb/v7-m\libc_nano.a(lib_a-errno.o)
 .bss           0x0000000000000000        0x0 c:/st/stm32cubeide_1.4.0/stm32cubeide/plugins/com.st.stm32cube.ide.mcu.externaltools.gnu-tools-for-stm32.7-2018-q2-update.win32_1.4.0.202007081208/tools/bin/../lib/gcc/arm-none-eabi/7.3.1/../../../../arm-none-eabi/lib/thumb/v7-m\libc_nano.a(lib_a-errno.o)
 .text.__errno  0x0000000000000000        0xc c:/st/stm32cubeide_1.4.0/stm32cubeide/plugins/com.st.stm32cube.ide.mcu.externaltools.gnu-tools-for-stm32.7-2018-q2-update.win32_1.4.0.202007081208/tools/bin/../lib/gcc/arm-none-eabi/7.3.1/../../../../arm-none-eabi/lib/thumb/v7-m\libc_nano.a(lib_a-errno.o)
 .debug_frame   0x0000000000000000       0x20 c:/st/stm32cubeide_1.4.0/stm32cubeide/plugins/com.st.stm32cube.ide.mcu.externaltools.gnu-tools-for-stm32.7-2018-q2-update.win32_1.4.0.202007081208/tools/bin/../lib/gcc/arm-none-eabi/7.3.1/../../../../arm-none-eabi/lib/thumb/v7-m\libc_nano.a(lib_a-errno.o)
 .ARM.attributes
                0x0000000000000000       0x2d c:/st/stm32cubeide_1.4.0/stm32cubeide/plugins/com.st.stm32cube.ide.mcu.externaltools.gnu-tools-for-stm32.7-2018-q2-update.win32_1.4.0.202007081208/tools/bin/../lib/gcc/arm-none-eabi/7.3.1/../../../../arm-none-eabi/lib/thumb/v7-m\libc_nano.a(lib_a-errno.o)
 .text          0x0000000000000000        0x0 c:/st/stm32cubeide_1.4.0/stm32cubeide/plugins/com.st.stm32cube.ide.mcu.externaltools.gnu-tools-for-stm32.7-2018-q2-update.win32_1.4.0.202007081208/tools/bin/../lib/gcc/arm-none-eabi/7.3.1/../../../../arm-none-eabi/lib/thumb/v7-m\libc_nano.a(lib_a-exit.o)
 .data          0x0000000000000000        0x0 c:/st/stm32cubeide_1.4.0/stm32cubeide/plugins/com.st.stm32cube.ide.mcu.externaltools.gnu-tools-for-stm32.7-2018-q2-update.win32_1.4.0.202007081208/tools/bin/../lib/gcc/arm-none-eabi/7.3.1/../../../../arm-none-eabi/lib/thumb/v7-m\libc_nano.a(lib_a-exit.o)
 .bss           0x0000000000000000        0x0 c:/st/stm32cubeide_1.4.0/stm32cubeide/plugins/com.st.stm32cube.ide.mcu.externaltools.gnu-tools-for-stm32.7-2018-q2-update.win32_1.4.0.202007081208/tools/bin/../lib/gcc/arm-none-eabi/7.3.1/../../../../arm-none-eabi/lib/thumb/v7-m\libc_nano.a(lib_a-exit.o)
 .text.exit     0x0000000000000000       0x28 c:/st/stm32cubeide_1.4.0/stm32cubeide/plugins/com.st.stm32cube.ide.mcu.externaltools.gnu-tools-for-stm32.7-2018-q2-update.win32_1.4.0.202007081208/tools/bin/../lib/gcc/arm-none-eabi/7.3.1/../../../../arm-none-eabi/lib/thumb/v7-m\libc_nano.a(lib_a-exit.o)
 .debug_frame   0x0000000000000000       0x28 c:/st/stm32cubeide_1.4.0/stm32cubeide/plugins/com.st.stm32cube.ide.mcu.externaltools.gnu-tools-for-stm32.7-2018-q2-update.win32_1.4.0.202007081208/tools/bin/../lib/gcc/arm-none-eabi/7.3.1/../../../../arm-none-eabi/lib/thumb/v7-m\libc_nano.a(lib_a-exit.o)
 .ARM.attributes
                0x0000000000000000       0x2d c:/st/stm32cubeide_1.4.0/stm32cubeide/plugins/com.st.stm32cube.ide.mcu.externaltools.gnu-tools-for-stm32.7-2018-q2-update.win32_1.4.0.202007081208/tools/bin/../lib/gcc/arm-none-eabi/7.3.1/../../../../arm-none-eabi/lib/thumb/v7-m\libc_nano.a(lib_a-exit.o)
 .text          0x0000000000000000        0x0 c:/st/stm32cubeide_1.4.0/stm32cubeide/plugins/com.st.stm32cube.ide.mcu.externaltools.gnu-tools-for-stm32.7-2018-q2-update.win32_1.4.0.202007081208/tools/bin/../lib/gcc/arm-none-eabi/7.3.1/../../../../arm-none-eabi/lib/thumb/v7-m\libc_nano.a(lib_a-impure.o)
 .data          0x0000000000000000        0x0 c:/st/stm32cubeide_1.4.0/stm32cubeide/plugins/com.st.stm32cube.ide.mcu.externaltools.gnu-tools-for-stm32.7-2018-q2-update.win32_1.4.0.202007081208/tools/bin/../lib/gcc/arm-none-eabi/7.3.1/../../../../arm-none-eabi/lib/thumb/v7-m\libc_nano.a(lib_a-impure.o)
 .bss           0x0000000000000000        0x0 c:/st/stm32cubeide_1.4.0/stm32cubeide/plugins/com.st.stm32cube.ide.mcu.externaltools.gnu-tools-for-stm32.7-2018-q2-update.win32_1.4.0.202007081208/tools/bin/../lib/gcc/arm-none-eabi/7.3.1/../../../../arm-none-eabi/lib/thumb/v7-m\libc_nano.a(lib_a-impure.o)
 .data._impure_ptr
                0x0000000000000000        0x4 c:/st/stm32cubeide_1.4.0/stm32cubeide/plugins/com.st.stm32cube.ide.mcu.externaltools.gnu-tools-for-stm32.7-2018-q2-update.win32_1.4.0.202007081208/tools/bin/../lib/gcc/arm-none-eabi/7.3.1/../../../../arm-none-eabi/lib/thumb/v7-m\libc_nano.a(lib_a-impure.o)
 .data.impure_data
                0x0000000000000000       0x60 c:/st/stm32cubeide_1.4.0/stm32cubeide/plugins/com.st.stm32cube.ide.mcu.externaltools.gnu-tools-for-stm32.7-2018-q2-update.win32_1.4.0.202007081208/tools/bin/../lib/gcc/arm-none-eabi/7.3.1/../../../../arm-none-eabi/lib/thumb/v7-m\libc_nano.a(lib_a-impure.o)
 .rodata._global_impure_ptr
                0x0000000000000000        0x4 c:/st/stm32cubeide_1.4.0/stm32cubeide/plugins/com.st.stm32cube.ide.mcu.externaltools.gnu-tools-for-stm32.7-2018-q2-update.win32_1.4.0.202007081208/tools/bin/../lib/gcc/arm-none-eabi/7.3.1/../../../../arm-none-eabi/lib/thumb/v7-m\libc_nano.a(lib_a-impure.o)
 .ARM.attributes
                0x0000000000000000       0x2d c:/st/stm32cubeide_1.4.0/stm32cubeide/plugins/com.st.stm32cube.ide.mcu.externaltools.gnu-tools-for-stm32.7-2018-q2-update.win32_1.4.0.202007081208/tools/bin/../lib/gcc/arm-none-eabi/7.3.1/../../../../arm-none-eabi/lib/thumb/v7-m\libc_nano.a(lib_a-impure.o)
 .text          0x0000000000000000        0x0 c:/st/stm32cubeide_1.4.0/stm32cubeide/plugins/com.st.stm32cube.ide.mcu.externaltools.gnu-tools-for-stm32.7-2018-q2-update.win32_1.4.0.202007081208/tools/bin/../lib/gcc/arm-none-eabi/7.3.1/../../../../arm-none-eabi/lib/thumb/v7-m\libc_nano.a(lib_a-init.o)
 .data          0x0000000000000000        0x0 c:/st/stm32cubeide_1.4.0/stm32cubeide/plugins/com.st.stm32cube.ide.mcu.externaltools.gnu-tools-for-stm32.7-2018-q2-update.win32_1.4.0.202007081208/tools/bin/../lib/gcc/arm-none-eabi/7.3.1/../../../../arm-none-eabi/lib/thumb/v7-m\libc_nano.a(lib_a-init.o)
 .bss           0x0000000000000000        0x0 c:/st/stm32cubeide_1.4.0/stm32cubeide/plugins/com.st.stm32cube.ide.mcu.externaltools.gnu-tools-for-stm32.7-2018-q2-update.win32_1.4.0.202007081208/tools/bin/../lib/gcc/arm-none-eabi/7.3.1/../../../../arm-none-eabi/lib/thumb/v7-m\libc_nano.a(lib_a-init.o)
 .text          0x0000000000000000        0x0 c:/st/stm32cubeide_1.4.0/stm32cubeide/plugins/com.st.stm32cube.ide.mcu.externaltools.gnu-tools-for-stm32.7-2018-q2-update.win32_1.4.0.202007081208/tools/bin/../lib/gcc/arm-none-eabi/7.3.1/../../../../arm-none-eabi/lib/thumb/v7-m\libc_nano.a(lib_a-memset.o)
 .data          0x0000000000000000        0x0 c:/st/stm32cubeide_1.4.0/stm32cubeide/plugins/com.st.stm32cube.ide.mcu.externaltools.gnu-tools-for-stm32.7-2018-q2-update.win32_1.4.0.202007081208/tools/bin/../lib/gcc/arm-none-eabi/7.3.1/../../../../arm-none-eabi/lib/thumb/v7-m\libc_nano.a(lib_a-memset.o)
 .bss           0x0000000000000000        0x0 c:/st/stm32cubeide_1.4.0/stm32cubeide/plugins/com.st.stm32cube.ide.mcu.externaltools.gnu-tools-for-stm32.7-2018-q2-update.win32_1.4.0.202007081208/tools/bin/../lib/gcc/arm-none-eabi/7.3.1/../../../../arm-none-eabi/lib/thumb/v7-m\libc_nano.a(lib_a-memset.o)
 .text.memset   0x0000000000000000       0x10 c:/st/stm32cubeide_1.4.0/stm32cubeide/plugins/com.st.stm32cube.ide.mcu.externaltools.gnu-tools-for-stm32.7-2018-q2-update.win32_1.4.0.202007081208/tools/bin/../lib/gcc/arm-none-eabi/7.3.1/../../../../arm-none-eabi/lib/thumb/v7-m\libc_nano.a(lib_a-memset.o)
 .debug_frame   0x0000000000000000       0x20 c:/st/stm32cubeide_1.4.0/stm32cubeide/plugins/com.st.stm32cube.ide.mcu.externaltools.gnu-tools-for-stm32.7-2018-q2-update.win32_1.4.0.202007081208/tools/bin/../lib/gcc/arm-none-eabi/7.3.1/../../../../arm-none-eabi/lib/thumb/v7-m\libc_nano.a(lib_a-memset.o)
 .ARM.attributes
                0x0000000000000000       0x2d c:/st/stm32cubeide_1.4.0/stm32cubeide/plugins/com.st.stm32cube.ide.mcu.externaltools.gnu-tools-for-stm32.7-2018-q2-update.win32_1.4.0.202007081208/tools/bin/../lib/gcc/arm-none-eabi/7.3.1/../../../../arm-none-eabi/lib/thumb/v7-m\libc_nano.a(lib_a-memset.o)
 .text          0x0000000000000000        0x0 c:/st/stm32cubeide_1.4.0/stm32cubeide/plugins/com.st.stm32cube.ide.mcu.externaltools.gnu-tools-for-stm32.7-2018-q2-update.win32_1.4.0.202007081208/tools/bin/../lib/gcc/arm-none-eabi/7.3.1/thumb/v7-m/crtend.o
 .data          0x0000000000000000        0x0 c:/st/stm32cubeide_1.4.0/stm32cubeide/plugins/com.st.stm32cube.ide.mcu.externaltools.gnu-tools-for-stm32.7-2018-q2-update.win32_1.4.0.202007081208/tools/bin/../lib/gcc/arm-none-eabi/7.3.1/thumb/v7-m/crtend.o
 .bss           0x0000000000000000        0x0 c:/st/stm32cubeide_1.4.0/stm32cubeide/plugins/com.st.stm32cube.ide.mcu.externaltools.gnu-tools-for-stm32.7-2018-q2-update.win32_1.4.0.202007081208/tools/bin/../lib/gcc/arm-none-eabi/7.3.1/thumb/v7-m/crtend.o
 .eh_frame      0x0000000000000000        0x4 c:/st/stm32cubeide_1.4.0/stm32cubeide/plugins/com.st.stm32cube.ide.mcu.externaltools.gnu-tools-for-stm32.7-2018-q2-update.win32_1.4.0.202007081208/tools/bin/../lib/gcc/arm-none-eabi/7.3.1/thumb/v7-m/crtend.o
 .ARM.attributes
                0x0000000000000000       0x2d c:/st/stm32cubeide_1.4.0/stm32cubeide/plugins/com.st.stm32cube.ide.mcu.externaltools.gnu-tools-for-stm32.7-2018-q2-update.win32_1.4.0.202007081208/tools/bin/../lib/gcc/arm-none-eabi/7.3.1/thumb/v7-m/crtend.o
 .text          0x0000000000000000        0x0 c:/st/stm32cubeide_1.4.0/stm32cubeide/plugins/com.st.stm32cube.ide.mcu.externaltools.gnu-tools-for-stm32.7-2018-q2-update.win32_1.4.0.202007081208/tools/bin/../lib/gcc/arm-none-eabi/7.3.1/thumb/v7-m/crtn.o
 .data          0x0000000000000000        0x0 c:/st/stm32cubeide_1.4.0/stm32cubeide/plugins/com.st.stm32cube.ide.mcu.externaltools.gnu-tools-for-stm32.7-2018-q2-update.win32_1.4.0.202007081208/tools/bin/../lib/gcc/arm-none-eabi/7.3.1/thumb/v7-m/crtn.o
 .bss           0x0000000000000000        0x0 c:/st/stm32cubeide_1.4.0/stm32cubeide/plugins/com.st.stm32cube.ide.mcu.externaltools.gnu-tools-for-stm32.7-2018-q2-update.win32_1.4.0.202007081208/tools/bin/../lib/gcc/arm-none-eabi/7.3.1/thumb/v7-m/crtn.o

Memory Configuration

Name             Origin             Length             Attributes
RAM              0x0000000020000000 0x0000000000002800 xrw
ROM              0x0000000008000000 0x0000000000008000 xr
*default*        0x0000000000000000 0xffffffffffffffff

Linker script and memory map

LOAD c:/st/stm32cubeide_1.4.0/stm32cubeide/plugins/com.st.stm32cube.ide.mcu.externaltools.gnu-tools-for-stm32.7-2018-q2-update.win32_1.4.0.202007081208/tools/bin/../lib/gcc/arm-none-eabi/7.3.1/thumb/v7-m/crti.o
LOAD c:/st/stm32cubeide_1.4.0/stm32cubeide/plugins/com.st.stm32cube.ide.mcu.externaltools.gnu-tools-for-stm32.7-2018-q2-update.win32_1.4.0.202007081208/tools/bin/../lib/gcc/arm-none-eabi/7.3.1/thumb/v7-m/crtbegin.o
LOAD c:/st/stm32cubeide_1.4.0/stm32cubeide/plugins/com.st.stm32cube.ide.mcu.externaltools.gnu-tools-for-stm32.7-2018-q2-update.win32_1.4.0.202007081208/tools/bin/../lib/gcc/arm-none-eabi/7.3.1/../../../../arm-none-eabi/lib/thumb/v7-m/crt0.o
LOAD HAL/I2C_Slave_EEPROM.o
LOAD HAL/Keypad.o
LOAD HAL/LCD.o
LOAD MCAL/EXTI/EXTI.o
LOAD MCAL/GPIO/GPIO.o
LOAD MCAL/I2C/I2C.o
LOAD MCAL/RCC/RCC.o
LOAD MCAL/SPI/SPI.o
LOAD MCAL/USART/USART.o
LOAD Src/main.o
LOAD Src/syscalls.o
LOAD Src/sysmem.o
LOAD Startup/startup_stm32f103c6tx.o
START GROUP
LOAD c:/st/stm32cubeide_1.4.0/stm32cubeide/plugins/com.st.stm32cube.ide.mcu.externaltools.gnu-tools-for-stm32.7-2018-q2-update.win32_1.4.0.202007081208/tools/bin/../lib/gcc/arm-none-eabi/7.3.1/../../../../arm-none-eabi/lib/thumb/v7-m\libc_nano.a
LOAD c:/st/stm32cubeide_1.4.0/stm32cubeide/plugins/com.st.stm32cube.ide.mcu.externaltools.gnu-tools-for-stm32.7-2018-q2-update.win32_1.4.0.202007081208/tools/bin/../lib/gcc/arm-none-eabi/7.3.1/../../../../arm-none-eabi/lib/thumb/v7-m\libm.a
END GROUP
START GROUP
LOAD c:/st/stm32cubeide_1.4.0/stm32cubeide/plugins/com.st.stm32cube.ide.mcu.externaltools.gnu-tools-for-stm32.7-2018-q2-update.win32_1.4.0.202007081208/tools/bin/../lib/gcc/arm-none-eabi/7.3.1/thumb/v7-m\libgcc.a
LOAD c:/st/stm32cubeide_1.4.0/stm32cubeide/plugins/com.st.stm32cube.ide.mcu.externaltools.gnu-tools-for-stm32.7-2018-q2-update.win32_1.4.0.202007081208/tools/bin/../lib/gcc/arm-none-eabi/7.3.1/../../../../arm-none-eabi/lib/thumb/v7-m\libg_nano.a
LOAD c:/st/stm32cubeide_1.4.0/stm32cubeide/plugins/com.st.stm32cube.ide.mcu.externaltools.gnu-tools-for-stm32.7-2018-q2-update.win32_1.4.0.202007081208/tools/bin/../lib/gcc/arm-none-eabi/7.3.1/../../../../arm-none-eabi/lib/thumb/v7-m\libc_nano.a
END GROUP
START GROUP
LOAD c:/st/stm32cubeide_1.4.0/stm32cubeide/plugins/com.st.stm32cube.ide.mcu.externaltools.gnu-tools-for-stm32.7-2018-q2-update.win32_1.4.0.202007081208/tools/bin/../lib/gcc/arm-none-eabi/7.3.1/thumb/v7-m\libgcc.a
LOAD c:/st/stm32cubeide_1.4.0/stm32cubeide/plugins/com.st.stm32cube.ide.mcu.externaltools.gnu-tools-for-stm32.7-2018-q2-update.win32_1.4.0.202007081208/tools/bin/../lib/gcc/arm-none-eabi/7.3.1/../../../../arm-none-eabi/lib/thumb/v7-m\libc_nano.a
LOAD c:/st/stm32cubeide_1.4.0/stm32cubeide/plugins/com.st.stm32cube.ide.mcu.externaltools.gnu-tools-for-stm32.7-2018-q2-update.win32_1.4.0.202007081208/tools/bin/../lib/gcc/arm-none-eabi/7.3.1/../../../../arm-none-eabi/lib/thumb/v7-m\libnosys.a
END GROUP
START GROUP
LOAD c:/st/stm32cubeide_1.4.0/stm32cubeide/plugins/com.st.stm32cube.ide.mcu.externaltools.gnu-tools-for-stm32.7-2018-q2-update.win32_1.4.0.202007081208/tools/bin/../lib/gcc/arm-none-eabi/7.3.1/thumb/v7-m\libgcc.a
LOAD c:/st/stm32cubeide_1.4.0/stm32cubeide/plugins/com.st.stm32cube.ide.mcu.externaltools.gnu-tools-for-stm32.7-2018-q2-update.win32_1.4.0.202007081208/tools/bin/../lib/gcc/arm-none-eabi/7.3.1/../../../../arm-none-eabi/lib/thumb/v7-m\libc_nano.a
LOAD c:/st/stm32cubeide_1.4.0/stm32cubeide/plugins/com.st.stm32cube.ide.mcu.externaltools.gnu-tools-for-stm32.7-2018-q2-update.win32_1.4.0.202007081208/tools/bin/../lib/gcc/arm-none-eabi/7.3.1/../../../../arm-none-eabi/lib/thumb/v7-m\libnosys.a
END GROUP
LOAD c:/st/stm32cubeide_1.4.0/stm32cubeide/plugins/com.st.stm32cube.ide.mcu.externaltools.gnu-tools-for-stm32.7-2018-q2-update.win32_1.4.0.202007081208/tools/bin/../lib/gcc/arm-none-eabi/7.3.1/thumb/v7-m/crtend.o
LOAD c:/st/stm32cubeide_1.4.0/stm32cubeide/plugins/com.st.stm32cube.ide.mcu.externaltools.gnu-tools-for-stm32.7-2018-q2-update.win32_1.4.0.202007081208/tools/bin/../lib/gcc/arm-none-eabi/7.3.1/thumb/v7-m/crtn.o
                0x0000000020002800                _estack = (ORIGIN (RAM) + LENGTH (RAM))
                0x0000000000000200                _Min_Heap_Size = 0x200
                0x0000000000000400                _Min_Stack_Size = 0x400

.isr_vector     0x0000000008000000      0x130
                0x0000000008000000                . = ALIGN (0x4)
 *(.isr_vector)
 .isr_vector    0x0000000008000000      0x130 Startup/startup_stm32f103c6tx.o
                0x0000000008000000                g_pfnVectors
                0x0000000008000130                . = ALIGN (0x4)

.text           0x0000000008000130      0xf88
                0x0000000008000130                . = ALIGN (0x4)
 *(.text)
 .text          0x0000000008000130       0x40 c:/st/stm32cubeide_1.4.0/stm32cubeide/plugins/com.st.stm32cube.ide.mcu.externaltools.gnu-tools-for-stm32.7-2018-q2-update.win32_1.4.0.202007081208/tools/bin/../lib/gcc/arm-none-eabi/7.3.1/thumb/v7-m/crtbegin.o
 *(.text*)
 .text.HAL_EEPROM_Init
                0x0000000008000170       0x3c HAL/I2C_Slave_EEPROM.o
                0x0000000008000170                HAL_EEPROM_Init
 .text.HAL_EEPROM_Write
                0x00000000080001ac       0xa4 HAL/I2C_Slave_EEPROM.o
                0x00000000080001ac                HAL_EEPROM_Write
 .text.HAL_EEPROM_Read
                0x0000000008000250       0x54 HAL/I2C_Slave_EEPROM.o
                0x0000000008000250                HAL_EEPROM_Read
 .text.EXTI0_IRQHandler
                0x00000000080002a4       0x24 MCAL/EXTI/EXTI.o
                0x00000000080002a4                EXTI0_IRQHandler
 .text.EXTI1_IRQHandler
                0x00000000080002c8       0x24 MCAL/EXTI/EXTI.o
                0x00000000080002c8                EXTI1_IRQHandler
 .text.EXTI2_IRQHandler
                0x00000000080002ec       0x24 MCAL/EXTI/EXTI.o
                0x00000000080002ec                EXTI2_IRQHandler
 .text.EXTI3_IRQHandler
                0x0000000008000310       0x24 MCAL/EXTI/EXTI.o
                0x0000000008000310                EXTI3_IRQHandler
 .text.EXTI4_IRQHandler
                0x0000000008000334       0x24 MCAL/EXTI/EXTI.o
                0x0000000008000334                EXTI4_IRQHandler
 .text.EXTI9_5_IRQHandler
                0x0000000008000358       0xa8 MCAL/EXTI/EXTI.o
                0x0000000008000358                EXTI9_5_IRQHandler
 .text.EXTI15_10_IRQHandler
                0x0000000008000400       0xa8 MCAL/EXTI/EXTI.o
                0x0000000008000400                EXTI15_10_IRQHandler
 .text.GPIO_CRLH_GetPosition
                0x00000000080004a8       0xc4 MCAL/GPIO/GPIO.o
 .text.MCAL_GPIO_Init
                0x000000000800056c      0x15c MCAL/GPIO/GPIO.o
                0x000000000800056c                MCAL_GPIO_Init
 .text.MCAL_I2C_Init
                0x00000000080006c8      0x210 MCAL/I2C/I2C.o
                0x00000000080006c8                MCAL_I2C_Init
 .text.MCAL_I2C_GPIO_Pins
                0x00000000080008d8       0x94 MCAL/I2C/I2C.o
                0x00000000080008d8                MCAL_I2C_GPIO_Pins
 .text.MCAL_I2C_Master_Tx
                0x000000000800096c       0xa8 MCAL/I2C/I2C.o
                0x000000000800096c                MCAL_I2C_Master_Tx
 .text.MCAL_I2C_Master_Rx
                0x0000000008000a14       0xe8 MCAL/I2C/I2C.o
                0x0000000008000a14                MCAL_I2C_Master_Rx
 .text.I2C_Generate_Start
                0x0000000008000afc       0x4e MCAL/I2C/I2C.o
                0x0000000008000afc                I2C_Generate_Start
 *fill*         0x0000000008000b4a        0x2 
 .text.I2C_Get_Flag_Status
                0x0000000008000b4c       0xf8 MCAL/I2C/I2C.o
                0x0000000008000b4c                I2C_Get_Flag_Status
 .text.I2C_Send_Address
                0x0000000008000c44       0x3e MCAL/I2C/I2C.o
                0x0000000008000c44                I2C_Send_Address
 .text.I2C_Generate_Stop
                0x0000000008000c82       0x36 MCAL/I2C/I2C.o
                0x0000000008000c82                I2C_Generate_Stop
 .text.I2C_ACKConfig
                0x0000000008000cb8       0x36 MCAL/I2C/I2C.o
                0x0000000008000cb8                I2C_ACKConfig
 *fill*         0x0000000008000cee        0x2 
 .text.MCAL_RCC_Get_SysClk_Freq
                0x0000000008000cf0       0x3c MCAL/RCC/RCC.o
                0x0000000008000cf0                MCAL_RCC_Get_SysClk_Freq
 .text.MCAL_RCC_Get_HClk_Freq
                0x0000000008000d2c       0xb8 MCAL/RCC/RCC.o
                0x0000000008000d2c                MCAL_RCC_Get_HClk_Freq
 .text.MCAL_RCC_Get_PClk1_Freq
                0x0000000008000de4       0x7c MCAL/RCC/RCC.o
                0x0000000008000de4                MCAL_RCC_Get_PClk1_Freq
 .text.SPI1_IRQHandler
                0x0000000008000e60       0x5c MCAL/SPI/SPI.o
                0x0000000008000e60                SPI1_IRQHandler
 .text.SPI2_IRQHandler
                0x0000000008000ebc       0x5c MCAL/SPI/SPI.o
                0x0000000008000ebc                SPI2_IRQHandler
 .text.USART1_IRQHandler
                0x0000000008000f18       0x14 MCAL/USART/USART.o
                0x0000000008000f18                USART1_IRQHandler
 .text.USART2_IRQHandler
                0x0000000008000f2c       0x14 MCAL/USART/USART.o
                0x0000000008000f2c                USART2_IRQHandler
 .text.USART3_IRQHandler
                0x0000000008000f40       0x14 MCAL/USART/USART.o
                0x0000000008000f40                USART3_IRQHandler
 .text.clock_init
                0x0000000008000f54       0x34 Src/main.o
                0x0000000008000f54                clock_init
 .text.main     0x0000000008000f88       0x7c Src/main.o
                0x0000000008000f88                main
 .text.Reset_Handler
                0x0000000008001004       0x50 Startup/startup_stm32f103c6tx.o
                0x0000000008001004                Reset_Handler
 .text.Default_Handler
                0x0000000008001054        0x2 Startup/startup_stm32f103c6tx.o
                0x0000000008001054                TIM8_TRG_COM_IRQHandler
                0x0000000008001054                TIM8_CC_IRQHandler
                0x0000000008001054                DebugMon_Handler
                0x0000000008001054                TIM1_CC_IRQHandler
                0x0000000008001054                HardFault_Handler
                0x0000000008001054                TIM6_IRQHandler
                0x0000000008001054                SysTick_Handler
                0x0000000008001054                PVD_IRQHandler
                0x0000000008001054                SDIO_IRQHandler
                0x0000000008001054                PendSV_Handler
                0x0000000008001054                NMI_Handler
                0x0000000008001054                USB_HP_CAN_TX_IRQHandler
                0x0000000008001054                I2C2_EV_IRQHandler
                0x0000000008001054                UsageFault_Handler
                0x0000000008001054                ADC1_2_IRQHandler
                0x0000000008001054                CAN_SCE_IRQHandler
                0x0000000008001054                TAMPER_IRQHandler
                0x0000000008001054                TIM8_UP_IRQHandler
                0x0000000008001054                DMA2_Channel2_IRQHandler
                0x0000000008001054                DMA1_Channel4_IRQHandler
                0x0000000008001054                RTC_IRQHandler
                0x0000000008001054                DMA1_Channel7_IRQHandler
                0x0000000008001054                UART5_IRQHandler
                0x0000000008001054                ADC3_IRQHandler
                0x0000000008001054                TIM4_IRQHandler
                0x0000000008001054                CAN_RX1_IRQHandler
                0x0000000008001054                DMA2_Channel1_IRQHandler
                0x0000000008001054                I2C1_EV_IRQHandler
                0x0000000008001054                DMA1_Channel6_IRQHandler
                0x0000000008001054                UART4_IRQHandler
                0x0000000008001054                TIM3_IRQHandler
                0x0000000008001054                RCC_IRQHandler
                0x0000000008001054                TIM1_TRG_COM_IRQHandler
                0x0000000008001054                DMA1_Channel1_IRQHandler
                0x0000000008001054                Default_Handler
                0x0000000008001054                TIM7_IRQHandler
                0x0000000008001054                TIM5_IRQHandler
                0x0000000008001054                USB_LP_CAN_RX0_IRQHandler
                0x0000000008001054                MemManage_Handler
                0x0000000008001054                SVC_Handler
                0x0000000008001054                DMA1_Channel5_IRQHandler
                0x0000000008001054                DMA1_Channel3_IRQHandler
                0x0000000008001054                FSMC_IRQHandler
                0x0000000008001054                TIM1_UP_IRQHandler
                0x0000000008001054                WWDG_IRQHandler
                0x0000000008001054                TIM2_IRQHandler
                0x0000000008001054                TIM1_BRK_IRQHandler
                0x0000000008001054                RTCAlarm_IRQHandler
                0x0000000008001054                DMA2_Channel4_5_IRQHandler
                0x0000000008001054                I2C2_ER_IRQHandler
                0x0000000008001054                DMA1_Channel2_IRQHandler
                0x0000000008001054                TIM8_BRK_IRQHandler
                0x0000000008001054                FLASH_IRQHandler
                0x0000000008001054                BusFault_Handler
                0x0000000008001054                SPI3_IRQHandler
                0x0000000008001054                I2C1_ER_IRQHandler
                0x0000000008001054                DMA2_Channel3_IRQHandler
 *fill*         0x0000000008001056        0x2 
 .text.__libc_init_array
                0x0000000008001058       0x48 c:/st/stm32cubeide_1.4.0/stm32cubeide/plugins/com.st.stm32cube.ide.mcu.externaltools.gnu-tools-for-stm32.7-2018-q2-update.win32_1.4.0.202007081208/tools/bin/../lib/gcc/arm-none-eabi/7.3.1/../../../../arm-none-eabi/lib/thumb/v7-m\libc_nano.a(lib_a-init.o)
                0x0000000008001058                __libc_init_array
 *(.glue_7)
 .glue_7        0x00000000080010a0        0x0 linker stubs
 *(.glue_7t)
 .glue_7t       0x00000000080010a0        0x0 linker stubs
 *(.eh_frame)
 .eh_frame      0x00000000080010a0        0x0 c:/st/stm32cubeide_1.4.0/stm32cubeide/plugins/com.st.stm32cube.ide.mcu.externaltools.gnu-tools-for-stm32.7-2018-q2-update.win32_1.4.0.202007081208/tools/bin/../lib/gcc/arm-none-eabi/7.3.1/thumb/v7-m/crtbegin.o
 *(.init)
 .init          0x00000000080010a0        0x4 c:/st/stm32cubeide_1.4.0/stm32cubeide/plugins/com.st.stm32cube.ide.mcu.externaltools.gnu-tools-for-stm32.7-2018-q2-update.win32_1.4.0.202007081208/tools/bin/../lib/gcc/arm-none-eabi/7.3.1/thumb/v7-m/crti.o
                0x00000000080010a0                _init
 .init          0x00000000080010a4        0x8 c:/st/stm32cubeide_1.4.0/stm32cubeide/plugins/com.st.stm32cube.ide.mcu.externaltools.gnu-tools-for-stm32.7-2018-q2-update.win32_1.4.0.202007081208/tools/bin/../lib/gcc/arm-none-eabi/7.3.1/thumb/v7-m/crtn.o
 *(.fini)
 .fini          0x00000000080010ac        0x4 c:/st/stm32cubeide_1.4.0/stm32cubeide/plugins/com.st.stm32cube.ide.mcu.externaltools.gnu-tools-for-stm32.7-2018-q2-update.win32_1.4.0.202007081208/tools/bin/../lib/gcc/arm-none-eabi/7.3.1/thumb/v7-m/crti.o
                0x00000000080010ac                _fini
 .fini          0x00000000080010b0        0x8 c:/st/stm32cubeide_1.4.0/stm32cubeide/plugins/com.st.stm32cube.ide.mcu.externaltools.gnu-tools-for-stm32.7-2018-q2-update.win32_1.4.0.202007081208/tools/bin/../lib/gcc/arm-none-eabi/7.3.1/thumb/v7-m/crtn.o
                0x00000000080010b8                . = ALIGN (0x4)
                0x00000000080010b8                _etext = .

.vfp11_veneer   0x00000000080010b8        0x0
 .vfp11_veneer  0x00000000080010b8        0x0 linker stubs

.v4_bx          0x00000000080010b8        0x0
 .v4_bx         0x00000000080010b8        0x0 linker stubs

.iplt           0x00000000080010b8        0x0
 .iplt          0x00000000080010b8        0x0 c:/st/stm32cubeide_1.4.0/stm32cubeide/plugins/com.st.stm32cube.ide.mcu.externaltools.gnu-tools-for-stm32.7-2018-q2-update.win32_1.4.0.202007081208/tools/bin/../lib/gcc/arm-none-eabi/7.3.1/thumb/v7-m/crtbegin.o

.rodata         0x00000000080010b8        0x8
                0x00000000080010b8                . = ALIGN (0x4)
 *(.rodata)
 .rodata        0x00000000080010b8        0x7 Src/main.o
 *(.rodata*)
                0x00000000080010c0                . = ALIGN (0x4)
 *fill*         0x00000000080010bf        0x1 

.rel.dyn        0x00000000080010c0        0x0
 .rel.iplt      0x00000000080010c0        0x0 c:/st/stm32cubeide_1.4.0/stm32cubeide/plugins/com.st.stm32cube.ide.mcu.externaltools.gnu-tools-for-stm32.7-2018-q2-update.win32_1.4.0.202007081208/tools/bin/../lib/gcc/arm-none-eabi/7.3.1/thumb/v7-m/crtbegin.o

.ARM.extab      0x00000000080010c0        0x0
                0x00000000080010c0                . = ALIGN (0x4)
 *(.ARM.extab* .gnu.linkonce.armextab.*)
                0x00000000080010c0                . = ALIGN (0x4)

.ARM            0x00000000080010c0        0x0
                0x00000000080010c0                . = ALIGN (0x4)
                0x00000000080010c0                __exidx_start = .
 *(.ARM.exidx*)
                0x00000000080010c0                __exidx_end = .
                0x00000000080010c0                . = ALIGN (0x4)

.preinit_array  0x00000000080010c0        0x0
                0x00000000080010c0                . = ALIGN (0x4)
                0x00000000080010c0                PROVIDE (__preinit_array_start = .)
 *(.preinit_array*)
                0x00000000080010c0                PROVIDE (__preinit_array_end = .)
                0x00000000080010c0                . = ALIGN (0x4)

.init_array     0x00000000080010c0        0x4
                0x00000000080010c0                . = ALIGN (0x4)
                0x00000000080010c0                PROVIDE (__init_array_start = .)
 *(SORT_BY_NAME(.init_array.*))
 *(.init_array*)
 .init_array    0x00000000080010c0        0x4 c:/st/stm32cubeide_1.4.0/stm32cubeide/plugins/com.st.stm32cube.ide.mcu.externaltools.gnu-tools-for-stm32.7-2018-q2-update.win32_1.4.0.202007081208/tools/bin/../lib/gcc/arm-none-eabi/7.3.1/thumb/v7-m/crtbegin.o
                0x00000000080010c4                PROVIDE (__init_array_end = .)
                0x00000000080010c4                . = ALIGN (0x4)

.fini_array     0x00000000080010c4        0x4
                0x00000000080010c4                . = ALIGN (0x4)
                [!provide]                        PROVIDE (__fini_array_start = .)
 *(SORT_BY_NAME(.fini_array.*))
 *(.fini_array*)
 .fini_array    0x00000000080010c4        0x4 c:/st/stm32cubeide_1.4.0/stm32cubeide/plugins/com.st.stm32cube.ide.mcu.externaltools.gnu-tools-for-stm32.7-2018-q2-update.win32_1.4.0.202007081208/tools/bin/../lib/gcc/arm-none-eabi/7.3.1/thumb/v7-m/crtbegin.o
                [!provide]                        PROVIDE (__fini_array_end = .)
                0x00000000080010c8                . = ALIGN (0x4)
                0x00000000080010c8                _sidata = LOADADDR (.data)

.data           0x0000000020000000        0x0 load address 0x00000000080010c8
                0x0000000020000000                . = ALIGN (0x4)
                0x0000000020000000                _sdata = .
 *(.data)
 *(.data*)
                0x0000000020000000                . = ALIGN (0x4)
                0x0000000020000000                _edata = .

.igot.plt       0x0000000020000000        0x0 load address 0x00000000080010c8
 .igot.plt      0x0000000020000000        0x0 c:/st/stm32cubeide_1.4.0/stm32cubeide/plugins/com.st.stm32cube.ide.mcu.externaltools.gnu-tools-for-stm32.7-2018-q2-update.win32_1.4.0.202007081208/tools/bin/../lib/gcc/arm-none-eabi/7.3.1/thumb/v7-m/crtbegin.o
                0x0000000020000000                . = ALIGN (0x4)

.bss            0x0000000020000000       0xac load address 0x00000000080010c8
                0x0000000020000000                _sbss = .
                0x0000000020000000                __bss_start__ = _sbss
 *(.bss)
 .bss           0x0000000020000000       0x1c c:/st/stm32cubeide_1.4.0/stm32cubeide/plugins/com.st.stm32cube.ide.mcu.externaltools.gnu-tools-for-stm32.7-2018-q2-update.win32_1.4.0.202007081208/tools/bin/../lib/gcc/arm-none-eabi/7.3.1/thumb/v7-m/crtbegin.o
 *(.bss*)
 .bss.g_I2C_Cfg
                0x000000002000001c       0x40 MCAL/I2C/I2C.o
                0x000000002000001c                g_I2C_Cfg
 .bss.g_SPI_Cfg
                0x000000002000005c        0x8 MCAL/SPI/SPI.o
                0x000000002000005c                g_SPI_Cfg
 .bss.g_USART_Cfg
                0x0000000020000064        0xc MCAL/USART/USART.o
                0x0000000020000064                g_USART_Cfg
 *(COMMON)
 COMMON         0x0000000020000070       0x3c MCAL/EXTI/EXTI.o
                0x0000000020000070                GP_IRQ_CallBack
                0x00000000200000ac                . = ALIGN (0x4)
                0x00000000200000ac                _ebss = .
                0x00000000200000ac                __bss_end__ = _ebss

._user_heap_stack
                0x00000000200000ac      0x604 load address 0x00000000080010c8
                0x00000000200000b0                . = ALIGN (0x8)
 *fill*         0x00000000200000ac        0x4 
                [!provide]                        PROVIDE (end = .)
                0x00000000200000b0                PROVIDE (_end = .)
                0x00000000200002b0                . = (. + _Min_Heap_Size)
 *fill*         0x00000000200000b0      0x200 
                0x00000000200006b0                . = (. + _Min_Stack_Size)
 *fill*         0x00000000200002b0      0x400 
                0x00000000200006b0                . = ALIGN (0x8)

/DISCARD/
 libc.a(*)
 libm.a(*)
 libgcc.a(*)

.ARM.attributes
                0x0000000000000000       0x29
 *(.ARM.attributes)
 .ARM.attributes
                0x0000000000000000       0x1d c:/st/stm32cubeide_1.4.0/stm32cubeide/plugins/com.st.stm32cube.ide.mcu.externaltools.gnu-tools-for-stm32.7-2018-q2-update.win32_1.4.0.202007081208/tools/bin/../lib/gcc/arm-none-eabi/7.3.1/thumb/v7-m/crti.o
 .ARM.attributes
                0x000000000000001d       0x2d c:/st/stm32cubeide_1.4.0/stm32cubeide/plugins/com.st.stm32cube.ide.mcu.externaltools.gnu-tools-for-stm32.7-2018-q2-update.win32_1.4.0.202007081208/tools/bin/../lib/gcc/arm-none-eabi/7.3.1/thumb/v7-m/crtbegin.o
 .ARM.attributes
                0x000000000000004a       0x33 HAL/I2C_Slave_EEPROM.o
 .ARM.attributes
                0x000000000000007d       0x33 MCAL/EXTI/EXTI.o
 .ARM.attributes
                0x00000000000000b0       0x33 MCAL/GPIO/GPIO.o
 .ARM.attributes
                0x00000000000000e3       0x33 MCAL/I2C/I2C.o
 .ARM.attributes
                0x0000000000000116       0x33 MCAL/RCC/RCC.o
 .ARM.attributes
                0x0000000000000149       0x33 MCAL/SPI/SPI.o
 .ARM.attributes
                0x000000000000017c       0x33 MCAL/USART/USART.o
 .ARM.attributes
                0x00000000000001af       0x33 Src/main.o
 .ARM.attributes
                0x00000000000001e2       0x21 Startup/startup_stm32f103c6tx.o
 .ARM.attributes
                0x0000000000000203       0x2d c:/st/stm32cubeide_1.4.0/stm32cubeide/plugins/com.st.stm32cube.ide.mcu.externaltools.gnu-tools-for-stm32.7-2018-q2-update.win32_1.4.0.202007081208/tools/bin/../lib/gcc/arm-none-eabi/7.3.1/../../../../arm-none-eabi/lib/thumb/v7-m\libc_nano.a(lib_a-init.o)
 .ARM.attributes
                0x0000000000000230       0x1d c:/st/stm32cubeide_1.4.0/stm32cubeide/plugins/com.st.stm32cube.ide.mcu.externaltools.gnu-tools-for-stm32.7-2018-q2-update.win32_1.4.0.202007081208/tools/bin/../lib/gcc/arm-none-eabi/7.3.1/thumb/v7-m/crtn.o
OUTPUT(STM32F103xx_Drivers.elf elf32-littlearm)

.debug_info     0x0000000000000000     0x6c4f
 .debug_info    0x0000000000000000      0xc7e HAL/I2C_Slave_EEPROM.o
 .debug_info    0x0000000000000c7e      0xdb9 MCAL/EXTI/EXTI.o
 .debug_info    0x0000000000001a37      0xd32 MCAL/GPIO/GPIO.o
 .debug_info    0x0000000000002769     0x1186 MCAL/I2C/I2C.o
 .debug_info    0x00000000000038ef      0xb2d MCAL/RCC/RCC.o
 .debug_info    0x000000000000441c      0xf0f MCAL/SPI/SPI.o
 .debug_info    0x000000000000532b      0xe53 MCAL/USART/USART.o
 .debug_info    0x000000000000617e      0xaaf Src/main.o
 .debug_info    0x0000000000006c2d       0x22 Startup/startup_stm32f103c6tx.o

.debug_abbrev   0x0000000000000000     0x100a
 .debug_abbrev  0x0000000000000000      0x1d1 HAL/I2C_Slave_EEPROM.o
 .debug_abbrev  0x00000000000001d1      0x228 MCAL/EXTI/EXTI.o
 .debug_abbrev  0x00000000000003f9      0x1dc MCAL/GPIO/GPIO.o
 .debug_abbrev  0x00000000000005d5      0x271 MCAL/I2C/I2C.o
 .debug_abbrev  0x0000000000000846      0x19b MCAL/RCC/RCC.o
 .debug_abbrev  0x00000000000009e1      0x267 MCAL/SPI/SPI.o
 .debug_abbrev  0x0000000000000c48      0x217 MCAL/USART/USART.o
 .debug_abbrev  0x0000000000000e5f      0x199 Src/main.o
 .debug_abbrev  0x0000000000000ff8       0x12 Startup/startup_stm32f103c6tx.o

.debug_loc      0x0000000000000000     0x11fa
 .debug_loc     0x0000000000000000       0xf2 HAL/I2C_Slave_EEPROM.o
 .debug_loc     0x00000000000000f2      0x320 MCAL/EXTI/EXTI.o
 .debug_loc     0x0000000000000412      0x330 MCAL/GPIO/GPIO.o
 .debug_loc     0x0000000000000742      0x414 MCAL/I2C/I2C.o
 .debug_loc     0x0000000000000b56      0x134 MCAL/RCC/RCC.o
 .debug_loc     0x0000000000000c8a      0x2bc MCAL/SPI/SPI.o
 .debug_loc     0x0000000000000f46      0x238 MCAL/USART/USART.o
 .debug_loc     0x000000000000117e       0x7c Src/main.o

.debug_aranges  0x0000000000000000      0x2c0
 .debug_aranges
                0x0000000000000000       0x30 HAL/I2C_Slave_EEPROM.o
 .debug_aranges
                0x0000000000000030       0x80 MCAL/EXTI/EXTI.o
 .debug_aranges
                0x00000000000000b0       0x60 MCAL/GPIO/GPIO.o
 .debug_aranges
                0x0000000000000110       0x78 MCAL/I2C/I2C.o
 .debug_aranges
                0x0000000000000188       0x38 MCAL/RCC/RCC.o
 .debug_aranges
                0x00000000000001c0       0x58 MCAL/SPI/SPI.o
 .debug_aranges
                0x0000000000000218       0x58 MCAL/USART/USART.o
 .debug_aranges
                0x0000000000000270       0x28 Src/main.o
 .debug_aranges
                0x0000000000000298       0x28 Startup/startup_stm32f103c6tx.o

.debug_ranges   0x0000000000000000      0x238
 .debug_ranges  0x0000000000000000       0x20 HAL/I2C_Slave_EEPROM.o
 .debug_ranges  0x0000000000000020       0x70 MCAL/EXTI/EXTI.o
 .debug_ranges  0x0000000000000090       0x50 MCAL/GPIO/GPIO.o
 .debug_ranges  0x00000000000000e0       0x68 MCAL/I2C/I2C.o
 .debug_ranges  0x0000000000000148       0x28 MCAL/RCC/RCC.o
 .debug_ranges  0x0000000000000170       0x48 MCAL/SPI/SPI.o
 .debug_ranges  0x00000000000001b8       0x48 MCAL/USART/USART.o
 .debug_ranges  0x0000000000000200       0x18 Src/main.o
 .debug_ranges  0x0000000000000218       0x20 Startup/startup_stm32f103c6tx.o

.debug_macro    0x0000000000000000     0x2dfc
 .debug_macro   0x0000000000000000      0x161 HAL/I2C_Slave_EEPROM.o
 .debug_macro   0x0000000000000161      0xa60 HAL/I2C_Slave_EEPROM.o
 .debug_macro   0x0000000000000bc1       0x18 HAL/I2C_Slave_EEPROM.o
 .debug_macro   0x0000000000000bd9       0x22 HAL/I2C_Slave_EEPROM.o
 .debug_macro   0x0000000000000bfb       0x40 HAL/I2C_Slave_EEPROM.o
 .debug_macro   0x0000000000000c3b       0x94 HAL/I2C_Slave_EEPROM.o
 .debug_macro   0x0000000000000ccf       0x3c HAL/I2C_Slave_EEPROM.o
 .debug_macro   0x0000000000000d0b       0x34 HAL/I2C_Slave_EEPROM.o
 .debug_macro   0x0000000000000d3f       0x16 HAL/I2C_Slave_EEPROM.o
 .debug_macro   0x0000000000000d55      0x10e HAL/I2C_Slave_EEPROM.o
 .debug_macro   0x0000000000000e63       0x8d HAL/I2C_Slave_EEPROM.o
 .debug_macro   0x0000000000000ef0       0x57 HAL/I2C_Slave_EEPROM.o
 .debug_macro   0x0000000000000f47       0x52 HAL/I2C_Slave_EEPROM.o
 .debug_macro   0x0000000000000f99       0x1f HAL/I2C_Slave_EEPROM.o
 .debug_macro   0x0000000000000fb8       0x43 HAL/I2C_Slave_EEPROM.o
 .debug_macro   0x0000000000000ffb       0x20 HAL/I2C_Slave_EEPROM.o
 .debug_macro   0x000000000000101b      0x1a3 HAL/I2C_Slave_EEPROM.o
 .debug_macro   0x00000000000011be      0x330 HAL/I2C_Slave_EEPROM.o
 .debug_macro   0x00000000000014ee       0x16 HAL/I2C_Slave_EEPROM.o
 .debug_macro   0x0000000000001504       0x29 HAL/I2C_Slave_EEPROM.o
 .debug_macro   0x000000000000152d       0xef HAL/I2C_Slave_EEPROM.o
 .debug_macro   0x000000000000161c       0x6a HAL/I2C_Slave_EEPROM.o
 .debug_macro   0x0000000000001686      0x1df HAL/I2C_Slave_EEPROM.o
 .debug_macro   0x0000000000001865      0x2e2 HAL/I2C_Slave_EEPROM.o
 .debug_macro   0x0000000000001b47       0xa0 HAL/I2C_Slave_EEPROM.o
 .debug_macro   0x0000000000001be7       0xd0 HAL/I2C_Slave_EEPROM.o
 .debug_macro   0x0000000000001cb7      0x381 HAL/I2C_Slave_EEPROM.o
 .debug_macro   0x0000000000002038      0x154 MCAL/EXTI/EXTI.o
 .debug_macro   0x000000000000218c      0x215 MCAL/EXTI/EXTI.o
 .debug_macro   0x00000000000023a1      0x13f MCAL/GPIO/GPIO.o
 .debug_macro   0x00000000000024e0      0x15d MCAL/I2C/I2C.o
 .debug_macro   0x000000000000263d      0x13f MCAL/RCC/RCC.o
 .debug_macro   0x000000000000277c       0x9a MCAL/RCC/RCC.o
 .debug_macro   0x0000000000002816      0x15d MCAL/SPI/SPI.o
 .debug_macro   0x0000000000002973       0xdb MCAL/SPI/SPI.o
 .debug_macro   0x0000000000002a4e      0x151 MCAL/USART/USART.o
 .debug_macro   0x0000000000002b9f       0xee MCAL/USART/USART.o
 .debug_macro   0x0000000000002c8d      0x16f Src/main.o

.debug_line     0x0000000000000000     0x32d5
 .debug_line    0x0000000000000000      0x5e5 HAL/I2C_Slave_EEPROM.o
 .debug_line    0x00000000000005e5      0x6b2 MCAL/EXTI/EXTI.o
 .debug_line    0x0000000000000c97      0x654 MCAL/GPIO/GPIO.o
 .debug_line    0x00000000000012eb      0x70b MCAL/I2C/I2C.o
 .debug_line    0x00000000000019f6      0x59e MCAL/RCC/RCC.o
 .debug_line    0x0000000000001f94      0x665 MCAL/SPI/SPI.o
 .debug_line    0x00000000000025f9      0x69d MCAL/USART/USART.o
 .debug_line    0x0000000000002c96      0x5bb Src/main.o
 .debug_line    0x0000000000003251       0x84 Startup/startup_stm32f103c6tx.o

.debug_str      0x0000000000000000     0xc21f
 .debug_str     0x0000000000000000     0x9840 HAL/I2C_Slave_EEPROM.o
                                       0x9ab8 (size before relaxing)
 .debug_str     0x0000000000009840     0x15d2 MCAL/EXTI/EXTI.o
                                       0x97ed (size before relaxing)
 .debug_str     0x000000000000ae12      0x11c MCAL/GPIO/GPIO.o
                                       0x838e (size before relaxing)
 .debug_str     0x000000000000af2e      0x230 MCAL/I2C/I2C.o
                                       0x9cf7 (size before relaxing)
 .debug_str     0x000000000000b15e       0x97 MCAL/RCC/RCC.o
                                       0x82f1 (size before relaxing)
 .debug_str     0x000000000000b1f5      0x782 MCAL/SPI/SPI.o
                                       0x8e37 (size before relaxing)
 .debug_str     0x000000000000b977      0x827 MCAL/USART/USART.o
                                       0x8ef5 (size before relaxing)
 .debug_str     0x000000000000c19e       0x1e Src/main.o
                                       0x9931 (size before relaxing)
 .debug_str     0x000000000000c1bc       0x63 Startup/startup_stm32f103c6tx.o

.comment        0x0000000000000000       0x7b
 .comment       0x0000000000000000       0x7b HAL/I2C_Slave_EEPROM.o
                                         0x7c (size before relaxing)
 .comment       0x000000000000007b       0x7c MCAL/EXTI/EXTI.o
 .comment       0x000000000000007b       0x7c MCAL/GPIO/GPIO.o
 .comment       0x000000000000007b       0x7c MCAL/I2C/I2C.o
 .comment       0x000000000000007b       0x7c MCAL/RCC/RCC.o
 .comment       0x000000000000007b       0x7c MCAL/SPI/SPI.o
 .comment       0x000000000000007b       0x7c MCAL/USART/USART.o
 .comment       0x000000000000007b       0x7c Src/main.o

.debug_frame    0x0000000000000000      0x90c
 .debug_frame   0x0000000000000000       0x80 HAL/I2C_Slave_EEPROM.o
 .debug_frame   0x0000000000000080      0x1b0 MCAL/EXTI/EXTI.o
 .debug_frame   0x0000000000000230      0x178 MCAL/GPIO/GPIO.o
 .debug_frame   0x00000000000003a8      0x1e0 MCAL/I2C/I2C.o
 .debug_frame   0x0000000000000588       0x9c MCAL/RCC/RCC.o
 .debug_frame   0x0000000000000624      0x148 MCAL/SPI/SPI.o
 .debug_frame   0x000000000000076c      0x124 MCAL/USART/USART.o
 .debug_frame   0x0000000000000890       0x50 Src/main.o
 .debug_frame   0x00000000000008e0       0x2c c:/st/stm32cubeide_1.4.0/stm32cubeide/plugins/com.st.stm32cube.ide.mcu.externaltools.gnu-tools-for-stm32.7-2018-q2-update.win32_1.4.0.202007081208/tools/bin/../lib/gcc/arm-none-eabi/7.3.1/../../../../arm-none-eabi/lib/thumb/v7-m\libc_nano.a(lib_a-init.o)
