
Memory Configuration

Name             Origin             Length             Attributes
flash            0x08000000         0x00020000         xr
SRAM             0x20000000         0x00005000         xrw
*default*        0x00000000         0xffffffff

Linker script and memory map


.text           0x08000000      0x13f
 *(.vectors*)
 .vectors       0x08000000       0x14 startup.o
                0x08000000                vectors
 *(.text*)
 .text          0x08000014       0x80 main.o
                0x08000014                main
 .text          0x08000094       0xa8 startup.o
                0x08000094                Reset_Handler
                0x08000118                NMI_Handler
                0x08000124                MM_Fault_Handler
                0x08000130                Bus_Fault_Handler
 *(.rodata)
 .rodata        0x0800013c        0x3 main.o
                0x0800013c                const_global_var
                0x0800013f                _E_text = .

.glue_7         0x08000140        0x0
 .glue_7        0x08000140        0x0 linker stubs

.glue_7t        0x08000140        0x0
 .glue_7t       0x08000140        0x0 linker stubs

.vfp11_veneer   0x08000140        0x0
 .vfp11_veneer  0x08000140        0x0 linker stubs

.v4_bx          0x08000140        0x0
 .v4_bx         0x08000140        0x0 linker stubs

.iplt           0x08000140        0x0
 .iplt          0x08000140        0x0 main.o

.rel.dyn        0x08000140        0x0
 .rel.iplt      0x08000140        0x0 main.o

.data           0x20000000        0x7 load address 0x0800013f
                0x20000000                _S_DATA = .
 *(.data)
 .data          0x20000000        0x7 main.o
                0x20000000                PA_ODR
                0x20000004                global_var
 .data          0x20000007        0x0 startup.o
                0x20000007                _E_DATA = .

.igot.plt       0x20000008        0x0 load address 0x08000146
 .igot.plt      0x20000008        0x0 main.o

.bss            0x20000007     0x1001 load address 0x08000146
                0x20000007                _S_BSS = .
 *(.bss)
 .bss           0x20000007        0x1 main.o
                0x20000007                bss_var
 .bss           0x20000008        0x0 startup.o
                0x20000008                . = ALIGN (0x4)
 *fill*         0x20000008        0x0 
                0x20000008                _E_BSS = .
                0x20000008                . = ALIGN (0x4)
                0x20001008                . = (. + 0x1000)
 *fill*         0x20000008     0x1000 
                0x20001008                _stack_top = .
LOAD main.o
LOAD startup.o
OUTPUT(Toggle_LED_on_ARM_CortexM3.elf elf32-littlearm)
LOAD linker stubs

.debug_info     0x00000000      0x36b
 .debug_info    0x00000000      0x19b main.o
 .debug_info    0x0000019b      0x1d0 startup.o

.debug_abbrev   0x00000000      0x1db
 .debug_abbrev  0x00000000       0xf5 main.o
 .debug_abbrev  0x000000f5       0xe6 startup.o

.debug_loc      0x00000000      0x10c
 .debug_loc     0x00000000       0x38 main.o
 .debug_loc     0x00000038       0xd4 startup.o

.debug_aranges  0x00000000       0x40
 .debug_aranges
                0x00000000       0x20 main.o
 .debug_aranges
                0x00000020       0x20 startup.o

.debug_line     0x00000000      0x27e
 .debug_line    0x00000000      0x114 main.o
 .debug_line    0x00000114      0x16a startup.o

.debug_str      0x00000000      0x22e
 .debug_str     0x00000000      0x184 main.o
                                0x1cb (size before relaxing)
 .debug_str     0x00000184       0xaa startup.o
                                0x209 (size before relaxing)

.comment        0x00000000       0x4d
 .comment       0x00000000       0x4d main.o
                                 0x4e (size before relaxing)
 .comment       0x0000004d       0x4e startup.o

.ARM.attributes
                0x00000000       0x2d
 .ARM.attributes
                0x00000000       0x2d main.o
 .ARM.attributes
                0x0000002d       0x2d startup.o

.debug_frame    0x00000000       0xb4
 .debug_frame   0x00000000       0x2c main.o
 .debug_frame   0x0000002c       0x88 startup.o
